2021.10.20 07:40:18 | [36m      main[0m:[36mDEBUG     [0m [0m| oh toll[0m
2021.10.20 07:40:18 | [36m      main[0m:[36mINFO      [0m [0m| es läuft[0m
2021.10.20 07:40:19 | [33m      main[0m:[33mWARNING   [0m [0m| hmmm[0m
2021.10.20 07:40:19 | [31m      main[0m:[31mERROR     [0m [0m| nicht[0m
2021.10.20 07:40:19 | [36m      main[0m:[36mNOTICE    [0m [0m| lalala[0m
2021.10.20 07:40:19 | [31m      main[0m:[31mCRITICAL  [0m [0m| hilfe alles läuft schief........[0m
2021.10.20 07:40:19 |       main[0m:NONE      [0m [0m| nulllllll[0m
2021.10.20 07:40:20 | [33m      main[0m:[33mWARNING   [0m [0m| hmmm[0m
2021.10.20 07:40:20 | [31m      main[0m:[31mERROR     [0m [0m| nicht[0m
2021.10.20 07:40:20 | [36m      main[0m:[36mNOTICE    [0m [0m| lalala[0m
2021.10.20 07:40:20 | [31m      main[0m:[31mCRITICAL  [0m [0m| hilfe alles läuft schief........[0m
2021.10.20 07:40:20 |       main[0m:NONE      [0m [0m| nulllllll[0m
2021.10.20 07:40:21 | [33m      main[0m:[33mWARNING   [0m [0m| hmmm[0m
2021.10.20 07:40:21 | [31m      main[0m:[31mERROR     [0m [0m| nicht[0m
2021.10.20 07:40:21 | [36m      main[0m:[36mNOTICE    [0m [0m| lalala[0m
2021.10.20 07:40:21 | [31m      main[0m:[31mCRITICAL  [0m [0m| hilfe alles läuft schief........[0m
2021.10.20 07:40:21 |       main[0m:NONE      [0m [0m| nulllllll[0m
2021.10.20 07:40:22 | [33m      main[0m:[33mWARNING   [0m [0m| hmmm[0m
2021.10.20 07:40:22 | [31m      main[0m:[31mERROR     [0m [0m| nicht[0m
2021.10.20 07:40:22 | [36m      main[0m:[36mNOTICE    [0m [0m| lalala[0m
2021.10.20 07:40:22 | [31m      main[0m:[31mCRITICAL  [0m [0m| hilfe alles läuft schief........[0m
2021.10.20 07:40:22 |       main[0m:NONE      [0m [0m| nulllllll[0m
2021.10.20 07:40:23 | [33m      main[0m:[33mWARNING   [0m [0m| hmmm[0m
2021.10.20 07:40:23 | [31m      main[0m:[31mERROR     [0m [0m| nicht[0m
2021.10.20 07:40:23 | [36m      main[0m:[36mNOTICE    [0m [0m| lalala[0m
2021.10.20 07:40:23 | [31m      main[0m:[31mCRITICAL  [0m [0m| hilfe alles läuft schief........[0m
2021.10.20 07:40:23 |       main[0m:NONE      [0m [0m| nulllllll[0m
2021.10.20 07:40:24 | [33m      main[0m:[33mWARNING   [0m [0m| hmmm[0m
2021.10.20 07:40:24 | [31m      main[0m:[31mERROR     [0m [0m| nicht[0m
2021.10.20 07:40:24 | [36m      main[0m:[36mNOTICE    [0m [0m| lalala[0m
2021.10.20 07:40:24 | [31m      main[0m:[31mCRITICAL  [0m [0m| hilfe alles läuft schief........[0m
2021.10.20 07:40:24 |       main[0m:NONE      [0m [0m| nulllllll[0m
2021.10.20 07:40:25 | [33m      main[0m:[33mWARNING   [0m [0m| hmmm[0m
2021.10.20 07:40:25 | [31m      main[0m:[31mERROR     [0m [0m| nicht[0m
2021.10.20 07:40:25 | [36m      main[0m:[36mNOTICE    [0m [0m| lalala[0m
2021.10.20 07:40:25 | [31m      main[0m:[31mCRITICAL  [0m [0m| hilfe alles läuft schief........[0m
2021.10.20 07:40:25 |       main[0m:NONE      [0m [0m| nulllllll[0m
2021.10.20 07:40:26 | [33m      main[0m:[33mWARNING   [0m [0m| hmmm[0m
2021.10.20 07:40:26 | [31m      main[0m:[31mERROR     [0m [0m| nicht[0m
2021.10.20 07:40:26 | [36m      main[0m:[36mNOTICE    [0m [0m| lalala[0m
2021.10.20 07:40:26 | [31m      main[0m:[31mCRITICAL  [0m [0m| hilfe alles läuft schief........[0m
2021.10.20 07:40:26 |       main[0m:NONE      [0m [0m| nulllllll[0m
2021.10.20 07:40:27 | [33m      main[0m:[33mWARNING   [0m [0m| hmmm[0m
2021.10.20 07:40:27 | [31m      main[0m:[31mERROR     [0m [0m| nicht[0m
2021.10.20 07:40:27 | [36m      main[0m:[36mNOTICE    [0m [0m| lalala[0m
2021.10.20 07:40:27 | [31m      main[0m:[31mCRITICAL  [0m [0m| hilfe alles läuft schief........[0m
2021.10.20 07:40:27 |       main[0m:NONE      [0m [0m| nulllllll[0m
2021.10.20 07:40:28 | [33m      main[0m:[33mWARNING   [0m [0m| hmmm[0m
2021.10.20 07:40:28 | [31m      main[0m:[31mERROR     [0m [0m| nicht[0m
2021.10.20 07:40:28 | [36m      main[0m:[36mNOTICE    [0m [0m| lalala[0m
2021.10.20 07:40:28 | [31m      main[0m:[31mCRITICAL  [0m [0m| hilfe alles läuft schief........[0m
2021.10.20 07:40:28 |       main[0m:NONE      [0m [0m| nulllllll[0m
2021.10.20 07:40:29 | [33m      main[0m:[33mWARNING   [0m [0m| hmmm[0m
2021.10.20 07:40:29 | [31m      main[0m:[31mERROR     [0m [0m| nicht[0m
2021.10.20 07:40:29 | [36m      main[0m:[36mNOTICE    [0m [0m| lalala[0m
2021.10.20 07:40:29 | [31m      main[0m:[31mCRITICAL  [0m [0m| hilfe alles läuft schief........[0m
2021.10.20 07:40:29 |       main[0m:NONE      [0m [0m| nulllllll[0m
2021.10.20 07:40:30 | [33m      main[0m:[33mWARNING   [0m [0m| hmmm[0m
2021.10.20 07:40:30 | [31m      main[0m:[31mERROR     [0m [0m| nicht[0m
2021.10.20 07:40:30 | [36m      main[0m:[36mNOTICE    [0m [0m| lalala[0m
2021.10.20 07:40:30 | [31m      main[0m:[31mCRITICAL  [0m [0m| hilfe alles läuft schief........[0m
2021.10.20 07:40:30 |       main[0m:NONE      [0m [0m| nulllllll[0m
2021.10.20 07:40:31 | [33m      main[0m:[33mWARNING   [0m [0m| hmmm[0m
2021.10.20 07:40:31 | [31m      main[0m:[31mERROR     [0m [0m| nicht[0m
2021.10.20 07:40:31 | [36m      main[0m:[36mNOTICE    [0m [0m| lalala[0m
2021.10.20 07:40:31 | [31m      main[0m:[31mCRITICAL  [0m [0m| hilfe alles läuft schief........[0m
2021.10.20 07:40:31 |       main[0m:NONE      [0m [0m| nulllllll[0m
2021.10.20 07:40:32 | [33m      main[0m:[33mWARNING   [0m [0m| hmmm[0m
2021.10.20 07:40:32 | [31m      main[0m:[31mERROR     [0m [0m| nicht[0m
2021.10.20 07:40:32 | [36m      main[0m:[36mNOTICE    [0m [0m| lalala[0m
2021.10.20 07:40:32 | [31m      main[0m:[31mCRITICAL  [0m [0m| hilfe alles läuft schief........[0m
2021.10.20 07:40:32 |       main[0m:NONE      [0m [0m| nulllllll[0m
2021.10.20 07:40:33 | [33m      main[0m:[33mWARNING   [0m [0m| hmmm[0m
2021.10.20 07:40:33 | [31m      main[0m:[31mERROR     [0m [0m| nicht[0m
2021.10.20 07:40:33 | [36m      main[0m:[36mNOTICE    [0m [0m| lalala[0m
2021.10.20 07:40:33 | [31m      main[0m:[31mCRITICAL  [0m [0m| hilfe alles läuft schief........[0m
2021.10.20 07:40:33 |       main[0m:NONE      [0m [0m| nulllllll[0m
2021.10.20 07:40:34 | [33m      main[0m:[33mWARNING   [0m [0m| hmmm[0m
2021.10.20 07:40:34 | [31m      main[0m:[31mERROR     [0m [0m| nicht[0m
2021.10.20 07:40:34 | [36m      main[0m:[36mNOTICE    [0m [0m| lalala[0m
2021.10.20 07:40:34 | [31m      main[0m:[31mCRITICAL  [0m [0m| hilfe alles läuft schief........[0m
2021.10.20 07:40:34 |       main[0m:NONE      [0m [0m| nulllllll[0m
2021.10.20 07:40:35 | [33m      main[0m:[33mWARNING   [0m [0m| hmmm[0m
2021.10.20 07:40:35 | [31m      main[0m:[31mERROR     [0m [0m| nicht[0m
2021.10.20 07:40:35 | [36m      main[0m:[36mNOTICE    [0m [0m| lalala[0m
2021.10.20 07:40:35 | [31m      main[0m:[31mCRITICAL  [0m [0m| hilfe alles läuft schief........[0m
2021.10.20 07:40:35 |       main[0m:NONE      [0m [0m| nulllllll[0m
2021.10.20 07:40:36 | [33m      main[0m:[33mWARNING   [0m [0m| hmmm[0m
2021.10.20 07:40:36 | [31m      main[0m:[31mERROR     [0m [0m| nicht[0m
2021.10.20 07:40:36 | [36m      main[0m:[36mNOTICE    [0m [0m| lalala[0m
2021.10.20 07:40:36 | [31m      main[0m:[31mCRITICAL  [0m [0m| hilfe alles läuft schief........[0m
2021.10.20 07:40:36 |       main[0m:NONE      [0m [0m| nulllllll[0m
2021.10.20 07:40:37 | [33m      main[0m:[33mWARNING   [0m [0m| hmmm[0m
2021.10.20 07:40:37 | [31m      main[0m:[31mERROR     [0m [0m| nicht[0m
2021.10.20 07:40:37 | [36m      main[0m:[36mNOTICE    [0m [0m| lalala[0m
2021.10.20 07:40:37 | [31m      main[0m:[31mCRITICAL  [0m [0m| hilfe alles läuft schief........[0m
2021.10.20 07:40:37 |       main[0m:NONE      [0m [0m| nulllllll[0m
2021.10.20 07:40:38 | [33m      main[0m:[33mWARNING   [0m [0m| hmmm[0m
2021.10.20 07:40:38 | [31m      main[0m:[31mERROR     [0m [0m| nicht[0m
2021.10.20 07:40:38 | [36m      main[0m:[36mNOTICE    [0m [0m| lalala[0m
2021.10.20 07:40:38 | [31m      main[0m:[31mCRITICAL  [0m [0m| hilfe alles läuft schief........[0m
2021.10.20 07:40:38 |       main[0m:NONE      [0m [0m| nulllllll[0m
2021.10.20 07:40:39 | [33m      main[0m:[33mWARNING   [0m [0m| hmmm[0m
2021.10.20 07:40:39 | [31m      main[0m:[31mERROR     [0m [0m| nicht[0m
2021.10.20 07:40:39 | [36m      main[0m:[36mNOTICE    [0m [0m| lalala[0m
2021.10.20 07:40:39 | [31m      main[0m:[31mCRITICAL  [0m [0m| hilfe alles läuft schief........[0m
2021.10.20 07:40:39 |       main[0m:NONE      [0m [0m| nulllllll[0m
2021.10.20 07:40:40 | [33m      main[0m:[33mWARNING   [0m [0m| hmmm[0m
2021.10.20 07:40:40 | [31m      main[0m:[31mERROR     [0m [0m| nicht[0m
2021.10.20 07:40:40 | [36m      main[0m:[36mNOTICE    [0m [0m| lalala[0m
2021.10.20 07:40:40 | [31m      main[0m:[31mCRITICAL  [0m [0m| hilfe alles läuft schief........[0m
2021.10.20 07:40:40 |       main[0m:NONE      [0m [0m| nulllllll[0m
2021.10.20 07:40:41 | [33m      main[0m:[33mWARNING   [0m [0m| hmmm[0m
2021.10.20 07:40:41 | [31m      main[0m:[31mERROR     [0m [0m| nicht[0m
2021.10.20 07:40:41 | [36m      main[0m:[36mNOTICE    [0m [0m| lalala[0m
2021.10.20 07:40:41 | [31m      main[0m:[31mCRITICAL  [0m [0m| hilfe alles läuft schief........[0m
2021.10.20 07:40:41 |       main[0m:NONE      [0m [0m| nulllllll[0m
2021.10.20 07:40:42 | [33m      main[0m:[33mWARNING   [0m [0m| hmmm[0m
2021.10.20 07:40:42 | [31m      main[0m:[31mERROR     [0m [0m| nicht[0m
2021.10.20 07:40:42 | [36m      main[0m:[36mNOTICE    [0m [0m| lalala[0m
2021.10.20 07:40:42 | [31m      main[0m:[31mCRITICAL  [0m [0m| hilfe alles läuft schief........[0m
2021.10.20 07:40:42 |       main[0m:NONE      [0m [0m| nulllllll[0m
2021.10.20 07:40:43 | [33m      main[0m:[33mWARNING   [0m [0m| hmmm[0m
2021.10.20 07:40:43 | [31m      main[0m:[31mERROR     [0m [0m| nicht[0m
2021.10.20 07:40:43 | [36m      main[0m:[36mNOTICE    [0m [0m| lalala[0m
2021.10.20 07:40:43 | [31m      main[0m:[31mCRITICAL  [0m [0m| hilfe alles läuft schief........[0m
2021.10.20 07:40:43 |       main[0m:NONE      [0m [0m| nulllllll[0m
2021.10.20 07:40:44 | [33m      main[0m:[33mWARNING   [0m [0m| hmmm[0m
2021.10.20 07:40:44 | [31m      main[0m:[31mERROR     [0m [0m| nicht[0m
2021.10.20 07:40:44 | [36m      main[0m:[36mNOTICE    [0m [0m| lalala[0m
2021.10.20 07:40:44 | [31m      main[0m:[31mCRITICAL  [0m [0m| hilfe alles läuft schief........[0m
2021.10.20 07:40:44 |       main[0m:NONE      [0m [0m| nulllllll[0m
2021.10.20 07:40:45 | [33m      main[0m:[33mWARNING   [0m [0m| hmmm[0m
2021.10.20 07:40:45 | [31m      main[0m:[31mERROR     [0m [0m| nicht[0m
2021.10.20 07:40:45 | [36m      main[0m:[36mNOTICE    [0m [0m| lalala[0m
2021.10.20 07:40:45 | [31m      main[0m:[31mCRITICAL  [0m [0m| hilfe alles läuft schief........[0m
2021.10.20 07:40:45 |       main[0m:NONE      [0m [0m| nulllllll[0m
2021.10.20 07:40:46 | [33m      main[0m:[33mWARNING   [0m [0m| hmmm[0m
2021.10.20 07:40:46 | [31m      main[0m:[31mERROR     [0m [0m| nicht[0m
2021.10.20 07:40:46 | [36m      main[0m:[36mNOTICE    [0m [0m| lalala[0m
2021.10.20 07:40:46 | [31m      main[0m:[31mCRITICAL  [0m [0m| hilfe alles läuft schief........[0m
2021.10.20 07:40:46 |       main[0m:NONE      [0m [0m| nulllllll[0m
2021.10.20 07:40:47 | [33m      main[0m:[33mWARNING   [0m [0m| hmmm[0m
2021.10.20 07:40:47 | [31m      main[0m:[31mERROR     [0m [0m| nicht[0m
2021.10.20 07:40:47 | [36m      main[0m:[36mNOTICE    [0m [0m| lalala[0m
2021.10.20 07:40:47 | [31m      main[0m:[31mCRITICAL  [0m [0m| hilfe alles läuft schief........[0m
2021.10.20 07:40:47 |       main[0m:NONE      [0m [0m| nulllllll[0m
2021.10.20 07:40:48 | [33m      main[0m:[33mWARNING   [0m [0m| hmmm[0m
2021.10.20 07:40:48 | [31m      main[0m:[31mERROR     [0m [0m| nicht[0m
2021.10.20 07:40:48 | [36m      main[0m:[36mNOTICE    [0m [0m| lalala[0m
2021.10.20 07:40:48 | [31m      main[0m:[31mCRITICAL  [0m [0m| hilfe alles läuft schief........[0m
2021.10.20 07:40:48 |       main[0m:NONE      [0m [0m| nulllllll[0m
2021.10.20 07:40:49 | [33m      main[0m:[33mWARNING   [0m [0m| hmmm[0m
2021.10.20 07:40:49 | [31m      main[0m:[31mERROR     [0m [0m| nicht[0m
2021.10.20 07:40:49 | [36m      main[0m:[36mNOTICE    [0m [0m| lalala[0m
2021.10.20 07:40:49 | [31m      main[0m:[31mCRITICAL  [0m [0m| hilfe alles läuft schief........[0m
2021.10.20 07:40:49 |       main[0m:NONE      [0m [0m| nulllllll[0m
2021.10.20 07:40:50 | [33m      main[0m:[33mWARNING   [0m [0m| hmmm[0m
2021.10.20 07:40:50 | [31m      main[0m:[31mERROR     [0m [0m| nicht[0m
2021.10.20 07:40:50 | [36m      main[0m:[36mNOTICE    [0m [0m| lalala[0m
2021.10.20 07:40:50 | [31m      main[0m:[31mCRITICAL  [0m [0m| hilfe alles läuft schief........[0m
2021.10.20 07:40:50 |       main[0m:NONE      [0m [0m| nulllllll[0m
2021.10.20 07:40:51 | [33m      main[0m:[33mWARNING   [0m [0m| hmmm[0m
2021.10.20 07:40:51 | [31m      main[0m:[31mERROR     [0m [0m| nicht[0m
2021.10.20 07:40:51 | [36m      main[0m:[36mNOTICE    [0m [0m| lalala[0m
2021.10.20 07:40:51 | [31m      main[0m:[31mCRITICAL  [0m [0m| hilfe alles läuft schief........[0m
2021.10.20 07:40:51 |       main[0m:NONE      [0m [0m| nulllllll[0m
2021.10.20 07:40:52 | [33m      main[0m:[33mWARNING   [0m [0m| hmmm[0m
2021.10.20 07:40:52 | [31m      main[0m:[31mERROR     [0m [0m| nicht[0m
2021.10.20 07:40:52 | [36m      main[0m:[36mNOTICE    [0m [0m| lalala[0m
2021.10.20 07:40:52 | [31m      main[0m:[31mCRITICAL  [0m [0m| hilfe alles läuft schief........[0m
2021.10.20 07:40:52 |       main[0m:NONE      [0m [0m| nulllllll[0m
2021.10.20 07:40:53 | [33m      main[0m:[33mWARNING   [0m [0m| hmmm[0m
2021.10.20 07:40:53 | [31m      main[0m:[31mERROR     [0m [0m| nicht[0m
2021.10.20 07:40:53 | [36m      main[0m:[36mNOTICE    [0m [0m| lalala[0m
2021.10.20 07:40:53 | [31m      main[0m:[31mCRITICAL  [0m [0m| hilfe alles läuft schief........[0m
2021.10.20 07:40:53 |       main[0m:NONE      [0m [0m| nulllllll[0m
2021.10.20 07:40:54 | [33m      main[0m:[33mWARNING   [0m [0m| hmmm[0m
2021.10.20 07:40:54 | [31m      main[0m:[31mERROR     [0m [0m| nicht[0m
2021.10.20 07:40:54 | [36m      main[0m:[36mNOTICE    [0m [0m| lalala[0m
2021.10.20 07:40:54 | [31m      main[0m:[31mCRITICAL  [0m [0m| hilfe alles läuft schief........[0m
2021.10.20 07:40:54 |       main[0m:NONE      [0m [0m| nulllllll[0m
2021.10.20 07:40:55 | [33m      main[0m:[33mWARNING   [0m [0m| hmmm[0m
2021.10.20 07:40:55 | [31m      main[0m:[31mERROR     [0m [0m| nicht[0m
2021.10.20 07:40:55 | [36m      main[0m:[36mNOTICE    [0m [0m| lalala[0m
2021.10.20 07:40:55 | [31m      main[0m:[31mCRITICAL  [0m [0m| hilfe alles läuft schief........[0m
2021.10.20 07:40:55 |       main[0m:NONE      [0m [0m| nulllllll[0m
2021.10.20 07:40:56 | [33m      main[0m:[33mWARNING   [0m [0m| hmmm[0m
2021.10.20 07:40:56 | [31m      main[0m:[31mERROR     [0m [0m| nicht[0m
2021.10.20 07:40:56 | [36m      main[0m:[36mNOTICE    [0m [0m| lalala[0m
2021.10.20 07:40:56 | [31m      main[0m:[31mCRITICAL  [0m [0m| hilfe alles läuft schief........[0m
2021.10.20 07:40:56 |       main[0m:NONE      [0m [0m| nulllllll[0m
2021.10.20 07:40:57 | [33m      main[0m:[33mWARNING   [0m [0m| hmmm[0m
2021.10.20 07:40:57 | [31m      main[0m:[31mERROR     [0m [0m| nicht[0m
2021.10.20 07:40:57 | [36m      main[0m:[36mNOTICE    [0m [0m| lalala[0m
2021.10.20 07:40:57 | [31m      main[0m:[31mCRITICAL  [0m [0m| hilfe alles läuft schief........[0m
2021.10.20 07:40:57 |       main[0m:NONE      [0m [0m| nulllllll[0m
2021.10.20 07:40:58 | [33m      main[0m:[33mWARNING   [0m [0m| hmmm[0m
2021.10.20 07:40:58 | [31m      main[0m:[31mERROR     [0m [0m| nicht[0m
2021.10.20 07:40:58 | [36m      main[0m:[36mNOTICE    [0m [0m| lalala[0m
2021.10.20 07:40:58 | [31m      main[0m:[31mCRITICAL  [0m [0m| hilfe alles läuft schief........[0m
2021.10.20 07:40:58 |       main[0m:NONE      [0m [0m| nulllllll[0m
2021.10.20 07:40:59 | [33m      main[0m:[33mWARNING   [0m [0m| hmmm[0m
2021.10.20 07:40:59 | [31m      main[0m:[31mERROR     [0m [0m| nicht[0m
2021.10.20 07:40:59 | [36m      main[0m:[36mNOTICE    [0m [0m| lalala[0m
2021.10.20 07:40:59 | [31m      main[0m:[31mCRITICAL  [0m [0m| hilfe alles läuft schief........[0m
2021.10.20 07:40:59 |       main[0m:NONE      [0m [0m| nulllllll[0m
2021.10.20 07:41:00 | [33m      main[0m:[33mWARNING   [0m [0m| hmmm[0m
2021.10.20 07:41:00 | [31m      main[0m:[31mERROR     [0m [0m| nicht[0m
2021.10.20 07:41:00 | [36m      main[0m:[36mNOTICE    [0m [0m| lalala[0m
2021.10.20 07:41:00 | [31m      main[0m:[31mCRITICAL  [0m [0m| hilfe alles läuft schief........[0m
2021.10.20 07:41:00 |       main[0m:NONE      [0m [0m| nulllllll[0m
2021.10.20 07:41:01 | [33m      main[0m:[33mWARNING   [0m [0m| hmmm[0m
2021.10.20 07:41:01 | [31m      main[0m:[31mERROR     [0m [0m| nicht[0m
2021.10.20 07:41:01 | [36m      main[0m:[36mNOTICE    [0m [0m| lalala[0m
2021.10.20 07:41:01 | [31m      main[0m:[31mCRITICAL  [0m [0m| hilfe alles läuft schief........[0m
2021.10.20 07:41:01 |       main[0m:NONE      [0m [0m| nulllllll[0m
2021.10.20 07:41:02 | [33m      main[0m:[33mWARNING   [0m [0m| hmmm[0m
2021.10.20 07:41:02 | [31m      main[0m:[31mERROR     [0m [0m| nicht[0m
2021.10.20 07:41:02 | [36m      main[0m:[36mNOTICE    [0m [0m| lalala[0m
2021.10.20 07:41:02 | [31m      main[0m:[31mCRITICAL  [0m [0m| hilfe alles läuft schief........[0m
2021.10.20 07:41:02 |       main[0m:NONE      [0m [0m| nulllllll[0m
2021.10.20 07:41:03 | [33m      main[0m:[33mWARNING   [0m [0m| hmmm[0m
2021.10.20 07:41:03 | [31m      main[0m:[31mERROR     [0m [0m| nicht[0m
2021.10.20 07:41:03 | [36m      main[0m:[36mNOTICE    [0m [0m| lalala[0m
2021.10.20 07:41:03 | [31m      main[0m:[31mCRITICAL  [0m [0m| hilfe alles läuft schief........[0m
2021.10.20 07:41:03 |       main[0m:NONE      [0m [0m| nulllllll[0m
2021.10.20 07:41:04 | [33m      main[0m:[33mWARNING   [0m [0m| hmmm[0m
2021.10.20 07:41:04 | [31m      main[0m:[31mERROR     [0m [0m| nicht[0m
2021.10.20 07:41:04 | [36m      main[0m:[36mNOTICE    [0m [0m| lalala[0m
2021.10.20 07:41:04 | [31m      main[0m:[31mCRITICAL  [0m [0m| hilfe alles läuft schief........[0m
2021.10.20 07:41:04 |       main[0m:NONE      [0m [0m| nulllllll[0m
2021.10.20 07:41:05 | [33m      main[0m:[33mWARNING   [0m [0m| hmmm[0m
2021.10.20 07:41:05 | [31m      main[0m:[31mERROR     [0m [0m| nicht[0m
2021.10.20 07:41:05 | [36m      main[0m:[36mNOTICE    [0m [0m| lalala[0m
2021.10.20 07:41:05 | [31m      main[0m:[31mCRITICAL  [0m [0m| hilfe alles läuft schief........[0m
2021.10.20 07:41:05 |       main[0m:NONE      [0m [0m| nulllllll[0m
2021.10.20 07:41:06 | [33m      main[0m:[33mWARNING   [0m [0m| hmmm[0m
2021.10.20 07:41:06 | [31m      main[0m:[31mERROR     [0m [0m| nicht[0m
2021.10.20 07:41:06 | [36m      main[0m:[36mNOTICE    [0m [0m| lalala[0m
2021.10.20 07:41:06 | [31m      main[0m:[31mCRITICAL  [0m [0m| hilfe alles läuft schief........[0m
2021.10.20 07:41:06 |       main[0m:NONE      [0m [0m| nulllllll[0m
2021.10.20 07:41:07 | [33m      main[0m:[33mWARNING   [0m [0m| hmmm[0m
2021.10.20 07:41:07 | [31m      main[0m:[31mERROR     [0m [0m| nicht[0m
2021.10.20 07:41:07 | [36m      main[0m:[36mNOTICE    [0m [0m| lalala[0m
2021.10.20 07:41:07 | [31m      main[0m:[31mCRITICAL  [0m [0m| hilfe alles läuft schief........[0m
2021.10.20 07:41:07 |       main[0m:NONE      [0m [0m| nulllllll[0m
2021.10.20 07:41:08 | [33m      main[0m:[33mWARNING   [0m [0m| hmmm[0m
2021.10.20 07:41:08 | [31m      main[0m:[31mERROR     [0m [0m| nicht[0m
2021.10.20 07:41:08 | [36m      main[0m:[36mNOTICE    [0m [0m| lalala[0m
2021.10.20 07:41:08 | [31m      main[0m:[31mCRITICAL  [0m [0m| hilfe alles läuft schief........[0m
2021.10.20 07:41:08 |       main[0m:NONE      [0m [0m| nulllllll[0m
2021.10.20 07:41:09 | [33m      main[0m:[33mWARNING   [0m [0m| hmmm[0m
2021.10.20 07:41:09 | [31m      main[0m:[31mERROR     [0m [0m| nicht[0m
2021.10.20 07:41:09 | [36m      main[0m:[36mNOTICE    [0m [0m| lalala[0m
2021.10.20 07:41:09 | [31m      main[0m:[31mCRITICAL  [0m [0m| hilfe alles läuft schief........[0m
2021.10.20 07:41:09 |       main[0m:NONE      [0m [0m| nulllllll[0m
2021.10.20 07:41:10 | [33m      main[0m:[33mWARNING   [0m [0m| hmmm[0m
2021.10.20 07:41:10 | [31m      main[0m:[31mERROR     [0m [0m| nicht[0m
2021.10.20 07:41:10 | [36m      main[0m:[36mNOTICE    [0m [0m| lalala[0m
2021.10.20 07:41:10 | [31m      main[0m:[31mCRITICAL  [0m [0m| hilfe alles läuft schief........[0m
2021.10.20 07:41:10 |       main[0m:NONE      [0m [0m| nulllllll[0m
2021.10.20 07:41:11 | [33m      main[0m:[33mWARNING   [0m [0m| hmmm[0m
2021.10.20 07:41:11 | [31m      main[0m:[31mERROR     [0m [0m| nicht[0m
2021.10.20 07:41:11 | [36m      main[0m:[36mNOTICE    [0m [0m| lalala[0m
2021.10.20 07:41:11 | [31m      main[0m:[31mCRITICAL  [0m [0m| hilfe alles läuft schief........[0m
2021.10.20 07:41:11 |       main[0m:NONE      [0m [0m| nulllllll[0m
2021.10.20 07:41:12 | [33m      main[0m:[33mWARNING   [0m [0m| hmmm[0m
2021.10.20 07:41:12 | [31m      main[0m:[31mERROR     [0m [0m| nicht[0m
2021.10.20 07:41:12 | [36m      main[0m:[36mNOTICE    [0m [0m| lalala[0m
2021.10.20 07:41:12 | [31m      main[0m:[31mCRITICAL  [0m [0m| hilfe alles läuft schief........[0m
2021.10.20 07:41:12 |       main[0m:NONE      [0m [0m| nulllllll[0m
2021.10.20 07:41:13 | [33m      main[0m:[33mWARNING   [0m [0m| hmmm[0m
2021.10.20 07:41:13 | [31m      main[0m:[31mERROR     [0m [0m| nicht[0m
2021.10.20 07:41:13 | [36m      main[0m:[36mNOTICE    [0m [0m| lalala[0m
2021.10.20 07:41:13 | [31m      main[0m:[31mCRITICAL  [0m [0m| hilfe alles läuft schief........[0m
2021.10.20 07:41:13 |       main[0m:NONE      [0m [0m| nulllllll[0m
2021.10.20 07:41:14 | [33m      main[0m:[33mWARNING   [0m [0m| hmmm[0m
2021.10.20 07:41:14 | [31m      main[0m:[31mERROR     [0m [0m| nicht[0m
2021.10.20 07:41:14 | [36m      main[0m:[36mNOTICE    [0m [0m| lalala[0m
2021.10.20 07:41:14 | [31m      main[0m:[31mCRITICAL  [0m [0m| hilfe alles läuft schief........[0m
2021.10.20 07:41:14 |       main[0m:NONE      [0m [0m| nulllllll[0m
2021.10.20 07:41:15 | [33m      main[0m:[33mWARNING   [0m [0m| hmmm[0m
2021.10.20 07:41:15 | [31m      main[0m:[31mERROR     [0m [0m| nicht[0m
2021.10.20 07:41:15 | [36m      main[0m:[36mNOTICE    [0m [0m| lalala[0m
2021.10.20 07:41:15 | [31m      main[0m:[31mCRITICAL  [0m [0m| hilfe alles läuft schief........[0m
2021.10.20 07:41:15 |       main[0m:NONE      [0m [0m| nulllllll[0m
2021.10.20 07:41:16 | [33m      main[0m:[33mWARNING   [0m [0m| hmmm[0m
2021.10.20 07:41:16 | [31m      main[0m:[31mERROR     [0m [0m| nicht[0m
2021.10.20 07:41:16 | [36m      main[0m:[36mNOTICE    [0m [0m| lalala[0m
2021.10.20 07:41:16 | [31m      main[0m:[31mCRITICAL  [0m [0m| hilfe alles läuft schief........[0m
2021.10.20 07:41:16 |       main[0m:NONE      [0m [0m| nulllllll[0m
2021.10.20 07:41:17 | [33m      main[0m:[33mWARNING   [0m [0m| hmmm[0m
2021.10.20 07:41:17 | [31m      main[0m:[31mERROR     [0m [0m| nicht[0m
2021.10.20 07:41:17 | [36m      main[0m:[36mNOTICE    [0m [0m| lalala[0m
2021.10.20 07:41:17 | [31m      main[0m:[31mCRITICAL  [0m [0m| hilfe alles läuft schief........[0m
2021.10.20 07:41:17 |       main[0m:NONE      [0m [0m| nulllllll[0m
2021.10.20 07:41:18 | [33m      main[0m:[33mWARNING   [0m [0m| hmmm[0m
2021.10.20 07:41:18 | [31m      main[0m:[31mERROR     [0m [0m| nicht[0m
2021.10.20 07:41:18 | [36m      main[0m:[36mNOTICE    [0m [0m| lalala[0m
2021.10.20 07:41:18 | [31m      main[0m:[31mCRITICAL  [0m [0m| hilfe alles läuft schief........[0m
2021.10.20 07:41:18 |       main[0m:NONE      [0m [0m| nulllllll[0m
2021.10.20 07:41:19 | [33m      main[0m:[33mWARNING   [0m [0m| hmmm[0m
2021.10.20 07:41:19 | [31m      main[0m:[31mERROR     [0m [0m| nicht[0m
2021.10.20 07:41:19 | [36m      main[0m:[36mNOTICE    [0m [0m| lalala[0m
2021.10.20 07:41:19 | [31m      main[0m:[31mCRITICAL  [0m [0m| hilfe alles läuft schief........[0m
2021.10.20 07:41:19 |       main[0m:NONE      [0m [0m| nulllllll[0m
2021.10.20 07:41:20 | [33m      main[0m:[33mWARNING   [0m [0m| hmmm[0m
2021.10.20 07:41:20 | [31m      main[0m:[31mERROR     [0m [0m| nicht[0m
2021.10.20 07:41:20 | [36m      main[0m:[36mNOTICE    [0m [0m| lalala[0m
2021.10.20 07:41:20 | [31m      main[0m:[31mCRITICAL  [0m [0m| hilfe alles läuft schief........[0m
2021.10.20 07:41:20 |       main[0m:NONE      [0m [0m| nulllllll[0m
2021.10.20 07:41:21 | [33m      main[0m:[33mWARNING   [0m [0m| hmmm[0m
2021.10.20 07:41:21 | [31m      main[0m:[31mERROR     [0m [0m| nicht[0m
2021.10.20 07:41:21 | [36m      main[0m:[36mNOTICE    [0m [0m| lalala[0m
2021.10.20 07:41:21 | [31m      main[0m:[31mCRITICAL  [0m [0m| hilfe alles läuft schief........[0m
2021.10.20 07:41:21 |       main[0m:NONE      [0m [0m| nulllllll[0m
2021.10.20 07:41:22 | [33m      main[0m:[33mWARNING   [0m [0m| hmmm[0m
2021.10.20 07:41:22 | [31m      main[0m:[31mERROR     [0m [0m| nicht[0m
2021.10.20 07:41:22 | [36m      main[0m:[36mNOTICE    [0m [0m| lalala[0m
2021.10.20 07:41:22 | [31m      main[0m:[31mCRITICAL  [0m [0m| hilfe alles läuft schief........[0m
2021.10.20 07:41:22 |       main[0m:NONE      [0m [0m| nulllllll[0m
2021.10.20 07:41:23 | [33m      main[0m:[33mWARNING   [0m [0m| hmmm[0m
2021.10.20 07:41:23 | [31m      main[0m:[31mERROR     [0m [0m| nicht[0m
2021.10.20 07:41:23 | [36m      main[0m:[36mNOTICE    [0m [0m| lalala[0m
2021.10.20 07:41:23 | [31m      main[0m:[31mCRITICAL  [0m [0m| hilfe alles läuft schief........[0m
2021.10.20 07:41:23 |       main[0m:NONE      [0m [0m| nulllllll[0m
2021.10.20 07:41:24 | [33m      main[0m:[33mWARNING   [0m [0m| hmmm[0m
2021.10.20 07:41:24 | [31m      main[0m:[31mERROR     [0m [0m| nicht[0m
2021.10.20 07:41:24 | [36m      main[0m:[36mNOTICE    [0m [0m| lalala[0m
2021.10.20 07:41:24 | [31m      main[0m:[31mCRITICAL  [0m [0m| hilfe alles läuft schief........[0m
2021.10.20 07:41:24 |       main[0m:NONE      [0m [0m| nulllllll[0m
2021.10.20 07:41:25 | [33m      main[0m:[33mWARNING   [0m [0m| hmmm[0m
2021.10.20 07:41:25 | [31m      main[0m:[31mERROR     [0m [0m| nicht[0m
2021.10.20 07:41:25 | [36m      main[0m:[36mNOTICE    [0m [0m| lalala[0m
2021.10.20 07:41:25 | [31m      main[0m:[31mCRITICAL  [0m [0m| hilfe alles läuft schief........[0m
2021.10.20 07:41:25 |       main[0m:NONE      [0m [0m| nulllllll[0m
2021.10.20 07:41:26 | [33m      main[0m:[33mWARNING   [0m [0m| hmmm[0m
2021.10.20 07:41:26 | [31m      main[0m:[31mERROR     [0m [0m| nicht[0m
2021.10.20 07:41:26 | [36m      main[0m:[36mNOTICE    [0m [0m| lalala[0m
2021.10.20 07:41:26 | [31m      main[0m:[31mCRITICAL  [0m [0m| hilfe alles läuft schief........[0m
2021.10.20 07:41:26 |       main[0m:NONE      [0m [0m| nulllllll[0m
2021.10.20 07:41:27 | [33m      main[0m:[33mWARNING   [0m [0m| hmmm[0m
2021.10.20 07:41:27 | [31m      main[0m:[31mERROR     [0m [0m| nicht[0m
2021.10.20 07:41:27 | [36m      main[0m:[36mNOTICE    [0m [0m| lalala[0m
2021.10.20 07:41:27 | [31m      main[0m:[31mCRITICAL  [0m [0m| hilfe alles läuft schief........[0m
2021.10.20 07:41:27 |       main[0m:NONE      [0m [0m| nulllllll[0m
2021.10.20 07:41:28 | [33m      main[0m:[33mWARNING   [0m [0m| hmmm[0m
2021.10.20 07:41:28 | [31m      main[0m:[31mERROR     [0m [0m| nicht[0m
2021.10.20 07:41:28 | [36m      main[0m:[36mNOTICE    [0m [0m| lalala[0m
2021.10.20 07:41:28 | [31m      main[0m:[31mCRITICAL  [0m [0m| hilfe alles läuft schief........[0m
2021.10.20 07:41:28 |       main[0m:NONE      [0m [0m| nulllllll[0m
2021.10.20 07:41:29 | [33m      main[0m:[33mWARNING   [0m [0m| hmmm[0m
2021.10.20 07:41:29 | [31m      main[0m:[31mERROR     [0m [0m| nicht[0m
2021.10.20 07:41:29 | [36m      main[0m:[36mNOTICE    [0m [0m| lalala[0m
2021.10.20 07:41:29 | [31m      main[0m:[31mCRITICAL  [0m [0m| hilfe alles läuft schief........[0m
2021.10.20 07:41:29 |       main[0m:NONE      [0m [0m| nulllllll[0m
2021.10.20 07:41:30 | [33m      main[0m:[33mWARNING   [0m [0m| hmmm[0m
2021.10.20 07:41:30 | [31m      main[0m:[31mERROR     [0m [0m| nicht[0m
2021.10.20 07:41:30 | [36m      main[0m:[36mNOTICE    [0m [0m| lalala[0m
2021.10.20 07:41:30 | [31m      main[0m:[31mCRITICAL  [0m [0m| hilfe alles läuft schief........[0m
2021.10.20 07:41:30 |       main[0m:NONE      [0m [0m| nulllllll[0m
2021.10.20 07:41:31 | [33m      main[0m:[33mWARNING   [0m [0m| hmmm[0m
2021.10.20 07:41:31 | [31m      main[0m:[31mERROR     [0m [0m| nicht[0m
2021.10.20 07:41:31 | [36m      main[0m:[36mNOTICE    [0m [0m| lalala[0m
2021.10.20 07:41:31 | [31m      main[0m:[31mCRITICAL  [0m [0m| hilfe alles läuft schief........[0m
2021.10.20 07:41:31 |       main[0m:NONE      [0m [0m| nulllllll[0m
2021.10.20 07:41:32 | [33m      main[0m:[33mWARNING   [0m [0m| hmmm[0m
2021.10.20 07:41:32 | [31m      main[0m:[31mERROR     [0m [0m| nicht[0m
2021.10.20 07:41:32 | [36m      main[0m:[36mNOTICE    [0m [0m| lalala[0m
2021.10.20 07:41:32 | [31m      main[0m:[31mCRITICAL  [0m [0m| hilfe alles läuft schief........[0m
2021.10.20 07:41:32 |       main[0m:NONE      [0m [0m| nulllllll[0m
2021.10.20 07:41:33 | [33m      main[0m:[33mWARNING   [0m [0m| hmmm[0m
2021.10.20 07:41:33 | [31m      main[0m:[31mERROR     [0m [0m| nicht[0m
2021.10.20 07:41:33 | [36m      main[0m:[36mNOTICE    [0m [0m| lalala[0m
2021.10.20 07:41:33 | [31m      main[0m:[31mCRITICAL  [0m [0m| hilfe alles läuft schief........[0m
2021.10.20 07:41:33 |       main[0m:NONE      [0m [0m| nulllllll[0m
2021.10.20 07:41:34 | [33m      main[0m:[33mWARNING   [0m [0m| hmmm[0m
2021.10.20 07:41:34 | [31m      main[0m:[31mERROR     [0m [0m| nicht[0m
2021.10.20 07:41:34 | [36m      main[0m:[36mNOTICE    [0m [0m| lalala[0m
2021.10.20 07:41:34 | [31m      main[0m:[31mCRITICAL  [0m [0m| hilfe alles läuft schief........[0m
2021.10.20 07:41:34 |       main[0m:NONE      [0m [0m| nulllllll[0m
2021.10.20 07:41:35 | [33m      main[0m:[33mWARNING   [0m [0m| hmmm[0m
2021.10.20 07:41:35 | [31m      main[0m:[31mERROR     [0m [0m| nicht[0m
2021.10.20 07:41:35 | [36m      main[0m:[36mNOTICE    [0m [0m| lalala[0m
2021.10.20 07:41:35 | [31m      main[0m:[31mCRITICAL  [0m [0m| hilfe alles läuft schief........[0m
2021.10.20 07:41:35 |       main[0m:NONE      [0m [0m| nulllllll[0m
2021.10.20 07:41:36 | [33m      main[0m:[33mWARNING   [0m [0m| hmmm[0m
2021.10.20 07:41:36 | [31m      main[0m:[31mERROR     [0m [0m| nicht[0m
2021.10.20 07:41:36 | [36m      main[0m:[36mNOTICE    [0m [0m| lalala[0m
2021.10.20 07:41:36 | [31m      main[0m:[31mCRITICAL  [0m [0m| hilfe alles läuft schief........[0m
2021.10.20 07:41:36 |       main[0m:NONE      [0m [0m| nulllllll[0m
2021.10.20 07:41:37 | [33m      main[0m:[33mWARNING   [0m [0m| hmmm[0m
2021.10.20 07:41:37 | [31m      main[0m:[31mERROR     [0m [0m| nicht[0m
2021.10.20 07:41:37 | [36m      main[0m:[36mNOTICE    [0m [0m| lalala[0m
2021.10.20 07:41:37 | [31m      main[0m:[31mCRITICAL  [0m [0m| hilfe alles läuft schief........[0m
2021.10.20 07:41:37 |       main[0m:NONE      [0m [0m| nulllllll[0m
2021.10.20 07:41:38 | [33m      main[0m:[33mWARNING   [0m [0m| hmmm[0m
2021.10.20 07:41:38 | [31m      main[0m:[31mERROR     [0m [0m| nicht[0m
2021.10.20 07:41:38 | [36m      main[0m:[36mNOTICE    [0m [0m| lalala[0m
2021.10.20 07:41:38 | [31m      main[0m:[31mCRITICAL  [0m [0m| hilfe alles läuft schief........[0m
2021.10.20 07:41:38 |       main[0m:NONE      [0m [0m| nulllllll[0m
2021.10.20 07:41:39 | [33m      main[0m:[33mWARNING   [0m [0m| hmmm[0m
2021.10.20 07:41:39 | [31m      main[0m:[31mERROR     [0m [0m| nicht[0m
2021.10.20 07:41:39 | [36m      main[0m:[36mNOTICE    [0m [0m| lalala[0m
2021.10.20 07:41:39 | [31m      main[0m:[31mCRITICAL  [0m [0m| hilfe alles läuft schief........[0m
2021.10.20 07:41:39 |       main[0m:NONE      [0m [0m| nulllllll[0m
2021.10.20 07:41:40 | [33m      main[0m:[33mWARNING   [0m [0m| hmmm[0m
2021.10.20 07:41:40 | [31m      main[0m:[31mERROR     [0m [0m| nicht[0m
2021.10.20 07:41:40 | [36m      main[0m:[36mNOTICE    [0m [0m| lalala[0m
2021.10.20 07:41:40 | [31m      main[0m:[31mCRITICAL  [0m [0m| hilfe alles läuft schief........[0m
2021.10.20 07:41:40 |       main[0m:NONE      [0m [0m| nulllllll[0m
2021.10.20 07:41:41 | [33m      main[0m:[33mWARNING   [0m [0m| hmmm[0m
2021.10.20 07:41:41 | [31m      main[0m:[31mERROR     [0m [0m| nicht[0m
2021.10.20 07:41:41 | [36m      main[0m:[36mNOTICE    [0m [0m| lalala[0m
2021.10.20 07:41:41 | [31m      main[0m:[31mCRITICAL  [0m [0m| hilfe alles läuft schief........[0m
2021.10.20 07:41:41 |       main[0m:NONE      [0m [0m| nulllllll[0m
2021.10.20 07:41:42 | [33m      main[0m:[33mWARNING   [0m [0m| hmmm[0m
2021.10.20 07:41:42 | [31m      main[0m:[31mERROR     [0m [0m| nicht[0m
2021.10.20 07:41:42 | [36m      main[0m:[36mNOTICE    [0m [0m| lalala[0m
2021.10.20 07:41:42 | [31m      main[0m:[31mCRITICAL  [0m [0m| hilfe alles läuft schief........[0m
2021.10.20 07:41:42 |       main[0m:NONE      [0m [0m| nulllllll[0m
2021.10.20 07:41:43 | [33m      main[0m:[33mWARNING   [0m [0m| hmmm[0m
2021.10.20 07:41:43 | [31m      main[0m:[31mERROR     [0m [0m| nicht[0m
2021.10.20 07:41:43 | [36m      main[0m:[36mNOTICE    [0m [0m| lalala[0m
2021.10.20 07:41:43 | [31m      main[0m:[31mCRITICAL  [0m [0m| hilfe alles läuft schief........[0m
2021.10.20 07:41:43 |       main[0m:NONE      [0m [0m| nulllllll[0m
2021.10.20 07:41:44 | [33m      main[0m:[33mWARNING   [0m [0m| hmmm[0m
2021.10.20 07:41:44 | [31m      main[0m:[31mERROR     [0m [0m| nicht[0m
2021.10.20 07:41:44 | [36m      main[0m:[36mNOTICE    [0m [0m| lalala[0m
2021.10.20 07:41:44 | [31m      main[0m:[31mCRITICAL  [0m [0m| hilfe alles läuft schief........[0m
2021.10.20 07:41:44 |       main[0m:NONE      [0m [0m| nulllllll[0m
2021.10.20 07:41:45 | [33m      main[0m:[33mWARNING   [0m [0m| hmmm[0m
2021.10.20 07:41:45 | [31m      main[0m:[31mERROR     [0m [0m| nicht[0m
2021.10.20 07:41:45 | [36m      main[0m:[36mNOTICE    [0m [0m| lalala[0m
2021.10.20 07:41:45 | [31m      main[0m:[31mCRITICAL  [0m [0m| hilfe alles läuft schief........[0m
2021.10.20 07:41:45 |       main[0m:NONE      [0m [0m| nulllllll[0m
2021.10.20 07:41:46 | [33m      main[0m:[33mWARNING   [0m [0m| hmmm[0m
2021.10.20 07:41:46 | [31m      main[0m:[31mERROR     [0m [0m| nicht[0m
2021.10.20 07:41:46 | [36m      main[0m:[36mNOTICE    [0m [0m| lalala[0m
2021.10.20 07:41:46 | [31m      main[0m:[31mCRITICAL  [0m [0m| hilfe alles läuft schief........[0m
2021.10.20 07:41:46 |       main[0m:NONE      [0m [0m| nulllllll[0m
2021.10.20 07:41:47 | [33m      main[0m:[33mWARNING   [0m [0m| hmmm[0m
2021.10.20 07:41:47 | [31m      main[0m:[31mERROR     [0m [0m| nicht[0m
2021.10.20 07:41:47 | [36m      main[0m:[36mNOTICE    [0m [0m| lalala[0m
2021.10.20 07:41:47 | [31m      main[0m:[31mCRITICAL  [0m [0m| hilfe alles läuft schief........[0m
2021.10.20 07:41:47 |       main[0m:NONE      [0m [0m| nulllllll[0m
2021.10.20 07:41:48 | [33m      main[0m:[33mWARNING   [0m [0m| hmmm[0m
2021.10.20 07:41:48 | [31m      main[0m:[31mERROR     [0m [0m| nicht[0m
2021.10.20 07:41:48 | [36m      main[0m:[36mNOTICE    [0m [0m| lalala[0m
2021.10.20 07:41:48 | [31m      main[0m:[31mCRITICAL  [0m [0m| hilfe alles läuft schief........[0m
2021.10.20 07:41:48 |       main[0m:NONE      [0m [0m| nulllllll[0m
2021.10.20 07:41:49 | [33m      main[0m:[33mWARNING   [0m [0m| hmmm[0m
2021.10.20 07:41:49 | [31m      main[0m:[31mERROR     [0m [0m| nicht[0m
2021.10.20 07:41:49 | [36m      main[0m:[36mNOTICE    [0m [0m| lalala[0m
2021.10.20 07:41:49 | [31m      main[0m:[31mCRITICAL  [0m [0m| hilfe alles läuft schief........[0m
2021.10.20 07:41:49 |       main[0m:NONE      [0m [0m| nulllllll[0m
2021.10.20 07:41:50 | [33m      main[0m:[33mWARNING   [0m [0m| hmmm[0m
2021.10.20 07:41:50 | [31m      main[0m:[31mERROR     [0m [0m| nicht[0m
2021.10.20 07:41:50 | [36m      main[0m:[36mNOTICE    [0m [0m| lalala[0m
2021.10.20 07:41:50 | [31m      main[0m:[31mCRITICAL  [0m [0m| hilfe alles läuft schief........[0m
2021.10.20 07:41:50 |       main[0m:NONE      [0m [0m| nulllllll[0m
2021.10.20 07:41:51 | [33m      main[0m:[33mWARNING   [0m [0m| hmmm[0m
2021.10.20 07:41:51 | [31m      main[0m:[31mERROR     [0m [0m| nicht[0m
2021.10.20 07:41:51 | [36m      main[0m:[36mNOTICE    [0m [0m| lalala[0m
2021.10.20 07:41:51 | [31m      main[0m:[31mCRITICAL  [0m [0m| hilfe alles läuft schief........[0m
2021.10.20 07:41:51 |       main[0m:NONE      [0m [0m| nulllllll[0m
2021.10.20 07:41:52 | [33m      main[0m:[33mWARNING   [0m [0m| hmmm[0m
2021.10.20 07:41:52 | [31m      main[0m:[31mERROR     [0m [0m| nicht[0m
2021.10.20 07:41:52 | [36m      main[0m:[36mNOTICE    [0m [0m| lalala[0m
2021.10.20 07:41:52 | [31m      main[0m:[31mCRITICAL  [0m [0m| hilfe alles läuft schief........[0m
2021.10.20 07:41:52 |       main[0m:NONE      [0m [0m| nulllllll[0m
2021.10.20 07:41:53 | [33m      main[0m:[33mWARNING   [0m [0m| hmmm[0m
2021.10.20 07:41:53 | [31m      main[0m:[31mERROR     [0m [0m| nicht[0m
2021.10.20 07:41:53 | [36m      main[0m:[36mNOTICE    [0m [0m| lalala[0m
2021.10.20 07:41:53 | [31m      main[0m:[31mCRITICAL  [0m [0m| hilfe alles läuft schief........[0m
2021.10.20 07:41:53 |       main[0m:NONE      [0m [0m| nulllllll[0m
2021.10.20 07:41:54 | [33m      main[0m:[33mWARNING   [0m [0m| hmmm[0m
2021.10.20 07:41:54 | [31m      main[0m:[31mERROR     [0m [0m| nicht[0m
2021.10.20 07:41:54 | [36m      main[0m:[36mNOTICE    [0m [0m| lalala[0m
2021.10.20 07:41:54 | [31m      main[0m:[31mCRITICAL  [0m [0m| hilfe alles läuft schief........[0m
2021.10.20 07:41:54 |       main[0m:NONE      [0m [0m| nulllllll[0m
2021.10.20 07:41:55 | [33m      main[0m:[33mWARNING   [0m [0m| hmmm[0m
2021.10.20 07:41:55 | [31m      main[0m:[31mERROR     [0m [0m| nicht[0m
2021.10.20 07:41:55 | [36m      main[0m:[36mNOTICE    [0m [0m| lalala[0m
2021.10.20 07:41:55 | [31m      main[0m:[31mCRITICAL  [0m [0m| hilfe alles läuft schief........[0m
2021.10.20 07:41:55 |       main[0m:NONE      [0m [0m| nulllllll[0m
2021.10.20 07:41:56 | [33m      main[0m:[33mWARNING   [0m [0m| hmmm[0m
2021.10.20 07:41:56 | [31m      main[0m:[31mERROR     [0m [0m| nicht[0m
2021.10.20 07:41:56 | [36m      main[0m:[36mNOTICE    [0m [0m| lalala[0m
2021.10.20 07:41:56 | [31m      main[0m:[31mCRITICAL  [0m [0m| hilfe alles läuft schief........[0m
2021.10.20 07:41:56 |       main[0m:NONE      [0m [0m| nulllllll[0m
2021.10.20 07:41:57 | [33m      main[0m:[33mWARNING   [0m [0m| hmmm[0m
2021.10.20 07:41:57 | [31m      main[0m:[31mERROR     [0m [0m| nicht[0m
2021.10.20 07:41:57 | [36m      main[0m:[36mNOTICE    [0m [0m| lalala[0m
2021.10.20 07:41:57 | [31m      main[0m:[31mCRITICAL  [0m [0m| hilfe alles läuft schief........[0m
2021.10.20 07:41:57 |       main[0m:NONE      [0m [0m| nulllllll[0m
2021.10.20 07:41:58 | [33m      main[0m:[33mWARNING   [0m [0m| hmmm[0m
2021.10.20 07:41:58 | [31m      main[0m:[31mERROR     [0m [0m| nicht[0m
2021.10.20 07:41:58 | [36m      main[0m:[36mNOTICE    [0m [0m| lalala[0m
2021.10.20 07:41:58 | [31m      main[0m:[31mCRITICAL  [0m [0m| hilfe alles läuft schief........[0m
2021.10.20 07:41:58 |       main[0m:NONE      [0m [0m| nulllllll[0m
2021.10.20 07:41:59 | [33m      main[0m:[33mWARNING   [0m [0m| hmmm[0m
2021.10.20 07:41:59 | [31m      main[0m:[31mERROR     [0m [0m| nicht[0m
2021.10.20 07:41:59 | [36m      main[0m:[36mNOTICE    [0m [0m| lalala[0m
2021.10.20 07:41:59 | [31m      main[0m:[31mCRITICAL  [0m [0m| hilfe alles läuft schief........[0m
2021.10.20 07:41:59 |       main[0m:NONE      [0m [0m| nulllllll[0m
2021.10.20 07:42:00 | [33m      main[0m:[33mWARNING   [0m [0m| hmmm[0m
2021.10.20 07:42:00 | [31m      main[0m:[31mERROR     [0m [0m| nicht[0m
2021.10.20 07:42:00 | [36m      main[0m:[36mNOTICE    [0m [0m| lalala[0m
2021.10.20 07:42:00 | [31m      main[0m:[31mCRITICAL  [0m [0m| hilfe alles läuft schief........[0m
2021.10.20 07:42:00 |       main[0m:NONE      [0m [0m| nulllllll[0m
2021.10.20 07:42:01 | [33m      main[0m:[33mWARNING   [0m [0m| hmmm[0m
2021.10.20 07:42:01 | [31m      main[0m:[31mERROR     [0m [0m| nicht[0m
2021.10.20 07:42:01 | [36m      main[0m:[36mNOTICE    [0m [0m| lalala[0m
2021.10.20 07:42:01 | [31m      main[0m:[31mCRITICAL  [0m [0m| hilfe alles läuft schief........[0m
2021.10.20 07:42:01 |       main[0m:NONE      [0m [0m| nulllllll[0m
2021.10.20 07:42:02 | [33m      main[0m:[33mWARNING   [0m [0m| hmmm[0m
2021.10.20 07:42:02 | [31m      main[0m:[31mERROR     [0m [0m| nicht[0m
2021.10.20 07:42:02 | [36m      main[0m:[36mNOTICE    [0m [0m| lalala[0m
2021.10.20 07:42:02 | [31m      main[0m:[31mCRITICAL  [0m [0m| hilfe alles läuft schief........[0m
2021.10.20 07:42:02 |       main[0m:NONE      [0m [0m| nulllllll[0m
2021.10.20 07:42:03 | [33m      main[0m:[33mWARNING   [0m [0m| hmmm[0m
2021.10.20 07:42:03 | [31m      main[0m:[31mERROR     [0m [0m| nicht[0m
2021.10.20 07:42:03 | [36m      main[0m:[36mNOTICE    [0m [0m| lalala[0m
2021.10.20 07:42:03 | [31m      main[0m:[31mCRITICAL  [0m [0m| hilfe alles läuft schief........[0m
2021.10.20 07:42:03 |       main[0m:NONE      [0m [0m| nulllllll[0m
2021.10.20 07:42:04 | [33m      main[0m:[33mWARNING   [0m [0m| hmmm[0m
2021.10.20 07:42:04 | [31m      main[0m:[31mERROR     [0m [0m| nicht[0m
2021.10.20 07:42:04 | [36m      main[0m:[36mNOTICE    [0m [0m| lalala[0m
2021.10.20 07:42:04 | [31m      main[0m:[31mCRITICAL  [0m [0m| hilfe alles läuft schief........[0m
2021.10.20 07:42:04 |       main[0m:NONE      [0m [0m| nulllllll[0m
2021.10.20 07:42:05 | [33m      main[0m:[33mWARNING   [0m [0m| hmmm[0m
2021.10.20 07:42:05 | [31m      main[0m:[31mERROR     [0m [0m| nicht[0m
2021.10.20 07:42:05 | [36m      main[0m:[36mNOTICE    [0m [0m| lalala[0m
2021.10.20 07:42:05 | [31m      main[0m:[31mCRITICAL  [0m [0m| hilfe alles läuft schief........[0m
2021.10.20 07:42:05 |       main[0m:NONE      [0m [0m| nulllllll[0m
2021.10.20 07:42:06 | [33m      main[0m:[33mWARNING   [0m [0m| hmmm[0m
2021.10.20 07:42:06 | [31m      main[0m:[31mERROR     [0m [0m| nicht[0m
2021.10.20 07:42:06 | [36m      main[0m:[36mNOTICE    [0m [0m| lalala[0m
2021.10.20 07:42:06 | [31m      main[0m:[31mCRITICAL  [0m [0m| hilfe alles läuft schief........[0m
2021.10.20 07:42:06 |       main[0m:NONE      [0m [0m| nulllllll[0m
2021.10.20 07:42:07 | [33m      main[0m:[33mWARNING   [0m [0m| hmmm[0m
2021.10.20 07:42:07 | [31m      main[0m:[31mERROR     [0m [0m| nicht[0m
2021.10.20 07:42:07 | [36m      main[0m:[36mNOTICE    [0m [0m| lalala[0m
2021.10.20 07:42:07 | [31m      main[0m:[31mCRITICAL  [0m [0m| hilfe alles läuft schief........[0m
2021.10.20 07:42:07 |       main[0m:NONE      [0m [0m| nulllllll[0m
2021.10.20 07:42:08 | [33m      main[0m:[33mWARNING   [0m [0m| hmmm[0m
2021.10.20 07:42:08 | [31m      main[0m:[31mERROR     [0m [0m| nicht[0m
2021.10.20 07:42:08 | [36m      main[0m:[36mNOTICE    [0m [0m| lalala[0m
2021.10.20 07:42:08 | [31m      main[0m:[31mCRITICAL  [0m [0m| hilfe alles läuft schief........[0m
2021.10.20 07:42:08 |       main[0m:NONE      [0m [0m| nulllllll[0m
2021.10.20 07:42:09 | [33m      main[0m:[33mWARNING   [0m [0m| hmmm[0m
2021.10.20 07:42:09 | [31m      main[0m:[31mERROR     [0m [0m| nicht[0m
2021.10.20 07:42:09 | [36m      main[0m:[36mNOTICE    [0m [0m| lalala[0m
2021.10.20 07:42:09 | [31m      main[0m:[31mCRITICAL  [0m [0m| hilfe alles läuft schief........[0m
2021.10.20 07:42:09 |       main[0m:NONE      [0m [0m| nulllllll[0m
2021.10.20 07:42:10 | [33m      main[0m:[33mWARNING   [0m [0m| hmmm[0m
2021.10.20 07:42:10 | [31m      main[0m:[31mERROR     [0m [0m| nicht[0m
2021.10.20 07:42:10 | [36m      main[0m:[36mNOTICE    [0m [0m| lalala[0m
2021.10.20 07:42:10 | [31m      main[0m:[31mCRITICAL  [0m [0m| hilfe alles läuft schief........[0m
2021.10.20 07:42:10 |       main[0m:NONE      [0m [0m| nulllllll[0m
2021.10.20 07:42:11 | [33m      main[0m:[33mWARNING   [0m [0m| hmmm[0m
2021.10.20 07:42:11 | [31m      main[0m:[31mERROR     [0m [0m| nicht[0m
2021.10.20 07:42:11 | [36m      main[0m:[36mNOTICE    [0m [0m| lalala[0m
2021.10.20 07:42:11 | [31m      main[0m:[31mCRITICAL  [0m [0m| hilfe alles läuft schief........[0m
2021.10.20 07:42:11 |       main[0m:NONE      [0m [0m| nulllllll[0m
2021.10.20 07:42:12 | [33m      main[0m:[33mWARNING   [0m [0m| hmmm[0m
2021.10.20 07:42:12 | [31m      main[0m:[31mERROR     [0m [0m| nicht[0m
2021.10.20 07:42:12 | [36m      main[0m:[36mNOTICE    [0m [0m| lalala[0m
2021.10.20 07:42:12 | [31m      main[0m:[31mCRITICAL  [0m [0m| hilfe alles läuft schief........[0m
2021.10.20 07:42:12 |       main[0m:NONE      [0m [0m| nulllllll[0m
2021.10.20 07:42:13 | [33m      main[0m:[33mWARNING   [0m [0m| hmmm[0m
2021.10.20 07:42:13 | [31m      main[0m:[31mERROR     [0m [0m| nicht[0m
2021.10.20 07:42:13 | [36m      main[0m:[36mNOTICE    [0m [0m| lalala[0m
2021.10.20 07:42:13 | [31m      main[0m:[31mCRITICAL  [0m [0m| hilfe alles läuft schief........[0m
2021.10.20 07:42:13 |       main[0m:NONE      [0m [0m| nulllllll[0m
2021.10.20 07:42:14 | [33m      main[0m:[33mWARNING   [0m [0m| hmmm[0m
2021.10.20 07:42:14 | [31m      main[0m:[31mERROR     [0m [0m| nicht[0m
2021.10.20 07:42:14 | [36m      main[0m:[36mNOTICE    [0m [0m| lalala[0m
2021.10.20 07:42:14 | [31m      main[0m:[31mCRITICAL  [0m [0m| hilfe alles läuft schief........[0m
2021.10.20 07:42:14 |       main[0m:NONE      [0m [0m| nulllllll[0m
2021.10.20 07:42:15 | [33m      main[0m:[33mWARNING   [0m [0m| hmmm[0m
2021.10.20 07:42:15 | [31m      main[0m:[31mERROR     [0m [0m| nicht[0m
2021.10.20 07:42:15 | [36m      main[0m:[36mNOTICE    [0m [0m| lalala[0m
2021.10.20 07:42:15 | [31m      main[0m:[31mCRITICAL  [0m [0m| hilfe alles läuft schief........[0m
2021.10.20 07:42:15 |       main[0m:NONE      [0m [0m| nulllllll[0m
2021.10.20 07:42:16 | [33m      main[0m:[33mWARNING   [0m [0m| hmmm[0m
2021.10.20 07:42:16 | [31m      main[0m:[31mERROR     [0m [0m| nicht[0m
2021.10.20 07:42:16 | [36m      main[0m:[36mNOTICE    [0m [0m| lalala[0m
2021.10.20 07:42:16 | [31m      main[0m:[31mCRITICAL  [0m [0m| hilfe alles läuft schief........[0m
2021.10.20 07:42:16 |       main[0m:NONE      [0m [0m| nulllllll[0m
2021.10.20 07:42:17 | [33m      main[0m:[33mWARNING   [0m [0m| hmmm[0m
2021.10.20 07:42:17 | [31m      main[0m:[31mERROR     [0m [0m| nicht[0m
2021.10.20 07:42:17 | [36m      main[0m:[36mNOTICE    [0m [0m| lalala[0m
2021.10.20 07:42:17 | [31m      main[0m:[31mCRITICAL  [0m [0m| hilfe alles läuft schief........[0m
2021.10.20 07:42:17 |       main[0m:NONE      [0m [0m| nulllllll[0m
2021.10.20 07:42:18 | [33m      main[0m:[33mWARNING   [0m [0m| hmmm[0m
2021.10.20 07:42:18 | [31m      main[0m:[31mERROR     [0m [0m| nicht[0m
2021.10.20 07:42:18 | [36m      main[0m:[36mNOTICE    [0m [0m| lalala[0m
2021.10.20 07:42:18 | [31m      main[0m:[31mCRITICAL  [0m [0m| hilfe alles läuft schief........[0m
2021.10.20 07:42:18 |       main[0m:NONE      [0m [0m| nulllllll[0m
2021.10.20 07:42:19 | [33m      main[0m:[33mWARNING   [0m [0m| hmmm[0m
2021.10.20 07:42:19 | [31m      main[0m:[31mERROR     [0m [0m| nicht[0m
2021.10.20 07:42:19 | [36m      main[0m:[36mNOTICE    [0m [0m| lalala[0m
2021.10.20 07:42:19 | [31m      main[0m:[31mCRITICAL  [0m [0m| hilfe alles läuft schief........[0m
2021.10.20 07:42:19 |       main[0m:NONE      [0m [0m| nulllllll[0m
2021.10.20 07:42:20 | [33m      main[0m:[33mWARNING   [0m [0m| hmmm[0m
2021.10.20 07:42:20 | [31m      main[0m:[31mERROR     [0m [0m| nicht[0m
2021.10.20 07:42:20 | [36m      main[0m:[36mNOTICE    [0m [0m| lalala[0m
2021.10.20 07:42:20 | [31m      main[0m:[31mCRITICAL  [0m [0m| hilfe alles läuft schief........[0m
2021.10.20 07:42:20 |       main[0m:NONE      [0m [0m| nulllllll[0m
2021.10.20 07:42:21 | [33m      main[0m:[33mWARNING   [0m [0m| hmmm[0m
2021.10.20 07:42:21 | [31m      main[0m:[31mERROR     [0m [0m| nicht[0m
2021.10.20 07:42:21 | [36m      main[0m:[36mNOTICE    [0m [0m| lalala[0m
2021.10.20 07:42:21 | [31m      main[0m:[31mCRITICAL  [0m [0m| hilfe alles läuft schief........[0m
2021.10.20 07:42:21 |       main[0m:NONE      [0m [0m| nulllllll[0m
2021.10.20 07:42:22 | [33m      main[0m:[33mWARNING   [0m [0m| hmmm[0m
2021.10.20 07:42:22 | [31m      main[0m:[31mERROR     [0m [0m| nicht[0m
2021.10.20 07:42:22 | [36m      main[0m:[36mNOTICE    [0m [0m| lalala[0m
2021.10.20 07:42:22 | [31m      main[0m:[31mCRITICAL  [0m [0m| hilfe alles läuft schief........[0m
2021.10.20 07:42:22 |       main[0m:NONE      [0m [0m| nulllllll[0m
2021.10.20 07:42:23 | [33m      main[0m:[33mWARNING   [0m [0m| hmmm[0m
2021.10.20 07:42:23 | [31m      main[0m:[31mERROR     [0m [0m| nicht[0m
2021.10.20 07:42:23 | [36m      main[0m:[36mNOTICE    [0m [0m| lalala[0m
2021.10.20 07:42:23 | [31m      main[0m:[31mCRITICAL  [0m [0m| hilfe alles läuft schief........[0m
2021.10.20 07:42:23 |       main[0m:NONE      [0m [0m| nulllllll[0m
2021.10.20 07:42:24 | [33m      main[0m:[33mWARNING   [0m [0m| hmmm[0m
2021.10.20 07:42:24 | [31m      main[0m:[31mERROR     [0m [0m| nicht[0m
2021.10.20 07:42:24 | [36m      main[0m:[36mNOTICE    [0m [0m| lalala[0m
2021.10.20 07:42:24 | [31m      main[0m:[31mCRITICAL  [0m [0m| hilfe alles läuft schief........[0m
2021.10.20 07:42:24 |       main[0m:NONE      [0m [0m| nulllllll[0m
2021.10.20 07:42:25 | [33m      main[0m:[33mWARNING   [0m [0m| hmmm[0m
2021.10.20 07:42:25 | [31m      main[0m:[31mERROR     [0m [0m| nicht[0m
2021.10.20 07:42:25 | [36m      main[0m:[36mNOTICE    [0m [0m| lalala[0m
2021.10.20 07:42:25 | [31m      main[0m:[31mCRITICAL  [0m [0m| hilfe alles läuft schief........[0m
2021.10.20 07:42:25 |       main[0m:NONE      [0m [0m| nulllllll[0m
2021.10.20 07:42:26 | [33m      main[0m:[33mWARNING   [0m [0m| hmmm[0m
2021.10.20 07:42:26 | [31m      main[0m:[31mERROR     [0m [0m| nicht[0m
2021.10.20 07:42:26 | [36m      main[0m:[36mNOTICE    [0m [0m| lalala[0m
2021.10.20 07:42:26 | [31m      main[0m:[31mCRITICAL  [0m [0m| hilfe alles läuft schief........[0m
2021.10.20 07:42:26 |       main[0m:NONE      [0m [0m| nulllllll[0m
2021.10.20 07:42:27 | [33m      main[0m:[33mWARNING   [0m [0m| hmmm[0m
2021.10.20 07:42:27 | [31m      main[0m:[31mERROR     [0m [0m| nicht[0m
2021.10.20 07:42:27 | [36m      main[0m:[36mNOTICE    [0m [0m| lalala[0m
2021.10.20 07:42:27 | [31m      main[0m:[31mCRITICAL  [0m [0m| hilfe alles läuft schief........[0m
2021.10.20 07:42:27 |       main[0m:NONE      [0m [0m| nulllllll[0m
2021.10.20 07:42:28 | [33m      main[0m:[33mWARNING   [0m [0m| hmmm[0m
2021.10.20 07:42:28 | [31m      main[0m:[31mERROR     [0m [0m| nicht[0m
2021.10.20 07:42:28 | [36m      main[0m:[36mNOTICE    [0m [0m| lalala[0m
2021.10.20 07:42:28 | [31m      main[0m:[31mCRITICAL  [0m [0m| hilfe alles läuft schief........[0m
2021.10.20 07:42:28 |       main[0m:NONE      [0m [0m| nulllllll[0m
2021.10.20 07:42:29 | [33m      main[0m:[33mWARNING   [0m [0m| hmmm[0m
2021.10.20 07:42:29 | [31m      main[0m:[31mERROR     [0m [0m| nicht[0m
2021.10.20 07:42:29 | [36m      main[0m:[36mNOTICE    [0m [0m| lalala[0m
2021.10.20 07:42:29 | [31m      main[0m:[31mCRITICAL  [0m [0m| hilfe alles läuft schief........[0m
2021.10.20 07:42:29 |       main[0m:NONE      [0m [0m| nulllllll[0m
2021.10.20 07:42:30 | [33m      main[0m:[33mWARNING   [0m [0m| hmmm[0m
2021.10.20 07:42:30 | [31m      main[0m:[31mERROR     [0m [0m| nicht[0m
2021.10.20 07:42:30 | [36m      main[0m:[36mNOTICE    [0m [0m| lalala[0m
2021.10.20 07:42:30 | [31m      main[0m:[31mCRITICAL  [0m [0m| hilfe alles läuft schief........[0m
2021.10.20 07:42:30 |       main[0m:NONE      [0m [0m| nulllllll[0m
2021.10.20 07:42:31 | [33m      main[0m:[33mWARNING   [0m [0m| hmmm[0m
2021.10.20 07:42:31 | [31m      main[0m:[31mERROR     [0m [0m| nicht[0m
2021.10.20 07:42:31 | [36m      main[0m:[36mNOTICE    [0m [0m| lalala[0m
2021.10.20 07:42:31 | [31m      main[0m:[31mCRITICAL  [0m [0m| hilfe alles läuft schief........[0m
2021.10.20 07:42:31 |       main[0m:NONE      [0m [0m| nulllllll[0m
2021.10.20 07:42:32 | [33m      main[0m:[33mWARNING   [0m [0m| hmmm[0m
2021.10.20 07:42:32 | [31m      main[0m:[31mERROR     [0m [0m| nicht[0m
2021.10.20 07:42:32 | [36m      main[0m:[36mNOTICE    [0m [0m| lalala[0m
2021.10.20 07:42:32 | [31m      main[0m:[31mCRITICAL  [0m [0m| hilfe alles läuft schief........[0m
2021.10.20 07:42:32 |       main[0m:NONE      [0m [0m| nulllllll[0m
2021.10.20 07:42:33 | [33m      main[0m:[33mWARNING   [0m [0m| hmmm[0m
2021.10.20 07:42:33 | [31m      main[0m:[31mERROR     [0m [0m| nicht[0m
2021.10.20 07:42:33 | [36m      main[0m:[36mNOTICE    [0m [0m| lalala[0m
2021.10.20 07:42:33 | [31m      main[0m:[31mCRITICAL  [0m [0m| hilfe alles läuft schief........[0m
2021.10.20 07:42:33 |       main[0m:NONE      [0m [0m| nulllllll[0m
2021.10.20 07:42:34 | [33m      main[0m:[33mWARNING   [0m [0m| hmmm[0m
2021.10.20 07:42:34 | [31m      main[0m:[31mERROR     [0m [0m| nicht[0m
2021.10.20 07:42:34 | [36m      main[0m:[36mNOTICE    [0m [0m| lalala[0m
2021.10.20 07:42:34 | [31m      main[0m:[31mCRITICAL  [0m [0m| hilfe alles läuft schief........[0m
2021.10.20 07:42:34 |       main[0m:NONE      [0m [0m| nulllllll[0m
2021.10.20 07:42:35 | [33m      main[0m:[33mWARNING   [0m [0m| hmmm[0m
2021.10.20 07:42:35 | [31m      main[0m:[31mERROR     [0m [0m| nicht[0m
2021.10.20 07:42:35 | [36m      main[0m:[36mNOTICE    [0m [0m| lalala[0m
2021.10.20 07:42:35 | [31m      main[0m:[31mCRITICAL  [0m [0m| hilfe alles läuft schief........[0m
2021.10.20 07:42:35 |       main[0m:NONE      [0m [0m| nulllllll[0m
2021.10.20 07:42:36 | [33m      main[0m:[33mWARNING   [0m [0m| hmmm[0m
2021.10.20 07:42:36 | [31m      main[0m:[31mERROR     [0m [0m| nicht[0m
2021.10.20 07:42:36 | [36m      main[0m:[36mNOTICE    [0m [0m| lalala[0m
2021.10.20 07:42:36 | [31m      main[0m:[31mCRITICAL  [0m [0m| hilfe alles läuft schief........[0m
2021.10.20 07:42:36 |       main[0m:NONE      [0m [0m| nulllllll[0m
2021.10.20 07:42:37 | [33m      main[0m:[33mWARNING   [0m [0m| hmmm[0m
2021.10.20 07:42:37 | [31m      main[0m:[31mERROR     [0m [0m| nicht[0m
2021.10.20 07:42:37 | [36m      main[0m:[36mNOTICE    [0m [0m| lalala[0m
2021.10.20 07:42:37 | [31m      main[0m:[31mCRITICAL  [0m [0m| hilfe alles läuft schief........[0m
2021.10.20 07:42:37 |       main[0m:NONE      [0m [0m| nulllllll[0m
2021.10.20 07:42:38 | [33m      main[0m:[33mWARNING   [0m [0m| hmmm[0m
2021.10.20 07:42:38 | [31m      main[0m:[31mERROR     [0m [0m| nicht[0m
2021.10.20 07:42:38 | [36m      main[0m:[36mNOTICE    [0m [0m| lalala[0m
2021.10.20 07:42:38 | [31m      main[0m:[31mCRITICAL  [0m [0m| hilfe alles läuft schief........[0m
2021.10.20 07:42:38 |       main[0m:NONE      [0m [0m| nulllllll[0m
2021.10.20 07:42:39 | [33m      main[0m:[33mWARNING   [0m [0m| hmmm[0m
2021.10.20 07:42:39 | [31m      main[0m:[31mERROR     [0m [0m| nicht[0m
2021.10.20 07:42:39 | [36m      main[0m:[36mNOTICE    [0m [0m| lalala[0m
2021.10.20 07:42:39 | [31m      main[0m:[31mCRITICAL  [0m [0m| hilfe alles läuft schief........[0m
2021.10.20 07:42:39 |       main[0m:NONE      [0m [0m| nulllllll[0m
2021.10.20 07:42:40 | [33m      main[0m:[33mWARNING   [0m [0m| hmmm[0m
2021.10.20 07:42:40 | [31m      main[0m:[31mERROR     [0m [0m| nicht[0m
2021.10.20 07:42:40 | [36m      main[0m:[36mNOTICE    [0m [0m| lalala[0m
2021.10.20 07:42:40 | [31m      main[0m:[31mCRITICAL  [0m [0m| hilfe alles läuft schief........[0m
2021.10.20 07:42:40 |       main[0m:NONE      [0m [0m| nulllllll[0m
2021.10.20 07:42:41 | [33m      main[0m:[33mWARNING   [0m [0m| hmmm[0m
2021.10.20 07:42:41 | [31m      main[0m:[31mERROR     [0m [0m| nicht[0m
2021.10.20 07:42:41 | [36m      main[0m:[36mNOTICE    [0m [0m| lalala[0m
2021.10.20 07:42:41 | [31m      main[0m:[31mCRITICAL  [0m [0m| hilfe alles läuft schief........[0m
2021.10.20 07:42:41 |       main[0m:NONE      [0m [0m| nulllllll[0m
2021.10.20 07:42:42 | [33m      main[0m:[33mWARNING   [0m [0m| hmmm[0m
2021.10.20 07:42:42 | [31m      main[0m:[31mERROR     [0m [0m| nicht[0m
2021.10.20 07:42:42 | [36m      main[0m:[36mNOTICE    [0m [0m| lalala[0m
2021.10.20 07:42:42 | [31m      main[0m:[31mCRITICAL  [0m [0m| hilfe alles läuft schief........[0m
2021.10.20 07:42:42 |       main[0m:NONE      [0m [0m| nulllllll[0m
2021.10.20 07:42:43 | [33m      main[0m:[33mWARNING   [0m [0m| hmmm[0m
2021.10.20 07:42:43 | [31m      main[0m:[31mERROR     [0m [0m| nicht[0m
2021.10.20 07:42:43 | [36m      main[0m:[36mNOTICE    [0m [0m| lalala[0m
2021.10.20 07:42:43 | [31m      main[0m:[31mCRITICAL  [0m [0m| hilfe alles läuft schief........[0m
2021.10.20 07:42:43 |       main[0m:NONE      [0m [0m| nulllllll[0m
2021.10.20 07:42:44 | [33m      main[0m:[33mWARNING   [0m [0m| hmmm[0m
2021.10.20 07:42:44 | [31m      main[0m:[31mERROR     [0m [0m| nicht[0m
2021.10.20 07:42:44 | [36m      main[0m:[36mNOTICE    [0m [0m| lalala[0m
2021.10.20 07:42:44 | [31m      main[0m:[31mCRITICAL  [0m [0m| hilfe alles läuft schief........[0m
2021.10.20 07:42:44 |       main[0m:NONE      [0m [0m| nulllllll[0m
2021.10.20 07:42:45 | [33m      main[0m:[33mWARNING   [0m [0m| hmmm[0m
2021.10.20 07:42:45 | [31m      main[0m:[31mERROR     [0m [0m| nicht[0m
2021.10.20 07:42:45 | [36m      main[0m:[36mNOTICE    [0m [0m| lalala[0m
2021.10.20 07:42:45 | [31m      main[0m:[31mCRITICAL  [0m [0m| hilfe alles läuft schief........[0m
2021.10.20 07:42:45 |       main[0m:NONE      [0m [0m| nulllllll[0m
2021.10.20 07:42:46 | [33m      main[0m:[33mWARNING   [0m [0m| hmmm[0m
2021.10.20 07:42:46 | [31m      main[0m:[31mERROR     [0m [0m| nicht[0m
2021.10.20 07:42:46 | [36m      main[0m:[36mNOTICE    [0m [0m| lalala[0m
2021.10.20 07:42:46 | [31m      main[0m:[31mCRITICAL  [0m [0m| hilfe alles läuft schief........[0m
2021.10.20 07:42:46 |       main[0m:NONE      [0m [0m| nulllllll[0m
2021.10.20 07:42:47 | [33m      main[0m:[33mWARNING   [0m [0m| hmmm[0m
2021.10.20 07:42:47 | [31m      main[0m:[31mERROR     [0m [0m| nicht[0m
2021.10.20 07:42:47 | [36m      main[0m:[36mNOTICE    [0m [0m| lalala[0m
2021.10.20 07:42:47 | [31m      main[0m:[31mCRITICAL  [0m [0m| hilfe alles läuft schief........[0m
2021.10.20 07:42:47 |       main[0m:NONE      [0m [0m| nulllllll[0m
2021.10.20 07:42:48 | [33m      main[0m:[33mWARNING   [0m [0m| hmmm[0m
2021.10.20 07:42:48 | [31m      main[0m:[31mERROR     [0m [0m| nicht[0m
2021.10.20 07:42:48 | [36m      main[0m:[36mNOTICE    [0m [0m| lalala[0m
2021.10.20 07:42:48 | [31m      main[0m:[31mCRITICAL  [0m [0m| hilfe alles läuft schief........[0m
2021.10.20 07:42:48 |       main[0m:NONE      [0m [0m| nulllllll[0m
2021.10.20 07:42:49 | [33m      main[0m:[33mWARNING   [0m [0m| hmmm[0m
2021.10.20 07:42:49 | [31m      main[0m:[31mERROR     [0m [0m| nicht[0m
2021.10.20 07:42:49 | [36m      main[0m:[36mNOTICE    [0m [0m| lalala[0m
2021.10.20 07:42:49 | [31m      main[0m:[31mCRITICAL  [0m [0m| hilfe alles läuft schief........[0m
2021.10.20 07:42:49 |       main[0m:NONE      [0m [0m| nulllllll[0m
2021.10.20 07:42:50 | [33m      main[0m:[33mWARNING   [0m [0m| hmmm[0m
2021.10.20 07:42:50 | [31m      main[0m:[31mERROR     [0m [0m| nicht[0m
2021.10.20 07:42:50 | [36m      main[0m:[36mNOTICE    [0m [0m| lalala[0m
2021.10.20 07:42:50 | [31m      main[0m:[31mCRITICAL  [0m [0m| hilfe alles läuft schief........[0m
2021.10.20 07:42:50 |       main[0m:NONE      [0m [0m| nulllllll[0m
2021.10.20 07:42:51 | [33m      main[0m:[33mWARNING   [0m [0m| hmmm[0m
2021.10.20 07:42:51 | [31m      main[0m:[31mERROR     [0m [0m| nicht[0m
2021.10.20 07:42:51 | [36m      main[0m:[36mNOTICE    [0m [0m| lalala[0m
2021.10.20 07:42:51 | [31m      main[0m:[31mCRITICAL  [0m [0m| hilfe alles läuft schief........[0m
2021.10.20 07:42:51 |       main[0m:NONE      [0m [0m| nulllllll[0m
2021.10.20 07:42:52 | [33m      main[0m:[33mWARNING   [0m [0m| hmmm[0m
2021.10.20 07:42:52 | [31m      main[0m:[31mERROR     [0m [0m| nicht[0m
2021.10.20 07:42:52 | [36m      main[0m:[36mNOTICE    [0m [0m| lalala[0m
2021.10.20 07:42:52 | [31m      main[0m:[31mCRITICAL  [0m [0m| hilfe alles läuft schief........[0m
2021.10.20 07:42:52 |       main[0m:NONE      [0m [0m| nulllllll[0m
2021.10.20 07:42:53 | [33m      main[0m:[33mWARNING   [0m [0m| hmmm[0m
2021.10.20 07:42:53 | [31m      main[0m:[31mERROR     [0m [0m| nicht[0m
2021.10.20 07:42:53 | [36m      main[0m:[36mNOTICE    [0m [0m| lalala[0m
2021.10.20 07:42:53 | [31m      main[0m:[31mCRITICAL  [0m [0m| hilfe alles läuft schief........[0m
2021.10.20 07:42:53 |       main[0m:NONE      [0m [0m| nulllllll[0m
2021.10.20 07:42:54 | [33m      main[0m:[33mWARNING   [0m [0m| hmmm[0m
2021.10.20 07:42:54 | [31m      main[0m:[31mERROR     [0m [0m| nicht[0m
2021.10.20 07:42:54 | [36m      main[0m:[36mNOTICE    [0m [0m| lalala[0m
2021.10.20 07:42:54 | [31m      main[0m:[31mCRITICAL  [0m [0m| hilfe alles läuft schief........[0m
2021.10.20 07:42:54 |       main[0m:NONE      [0m [0m| nulllllll[0m
2021.10.20 07:42:55 | [33m      main[0m:[33mWARNING   [0m [0m| hmmm[0m
2021.10.20 07:42:55 | [31m      main[0m:[31mERROR     [0m [0m| nicht[0m
2021.10.20 07:42:55 | [36m      main[0m:[36mNOTICE    [0m [0m| lalala[0m
2021.10.20 07:42:55 | [31m      main[0m:[31mCRITICAL  [0m [0m| hilfe alles läuft schief........[0m
2021.10.20 07:42:55 |       main[0m:NONE      [0m [0m| nulllllll[0m
2021.10.20 07:42:56 | [33m      main[0m:[33mWARNING   [0m [0m| hmmm[0m
2021.10.20 07:42:56 | [31m      main[0m:[31mERROR     [0m [0m| nicht[0m
2021.10.20 07:42:56 | [36m      main[0m:[36mNOTICE    [0m [0m| lalala[0m
2021.10.20 07:42:56 | [31m      main[0m:[31mCRITICAL  [0m [0m| hilfe alles läuft schief........[0m
2021.10.20 07:42:56 |       main[0m:NONE      [0m [0m| nulllllll[0m
2021.10.20 07:42:57 | [33m      main[0m:[33mWARNING   [0m [0m| hmmm[0m
2021.10.20 07:42:57 | [31m      main[0m:[31mERROR     [0m [0m| nicht[0m
2021.10.20 07:42:57 | [36m      main[0m:[36mNOTICE    [0m [0m| lalala[0m
2021.10.20 07:42:57 | [31m      main[0m:[31mCRITICAL  [0m [0m| hilfe alles läuft schief........[0m
2021.10.20 07:42:57 |       main[0m:NONE      [0m [0m| nulllllll[0m
2021.10.20 07:42:58 | [33m      main[0m:[33mWARNING   [0m [0m| hmmm[0m
2021.10.20 07:42:58 | [31m      main[0m:[31mERROR     [0m [0m| nicht[0m
2021.10.20 07:42:58 | [36m      main[0m:[36mNOTICE    [0m [0m| lalala[0m
2021.10.20 07:42:58 | [31m      main[0m:[31mCRITICAL  [0m [0m| hilfe alles läuft schief........[0m
2021.10.20 07:42:58 |       main[0m:NONE      [0m [0m| nulllllll[0m
2021.10.20 07:42:59 | [33m      main[0m:[33mWARNING   [0m [0m| hmmm[0m
2021.10.20 07:42:59 | [31m      main[0m:[31mERROR     [0m [0m| nicht[0m
2021.10.20 07:42:59 | [36m      main[0m:[36mNOTICE    [0m [0m| lalala[0m
2021.10.20 07:42:59 | [31m      main[0m:[31mCRITICAL  [0m [0m| hilfe alles läuft schief........[0m
2021.10.20 07:42:59 |       main[0m:NONE      [0m [0m| nulllllll[0m
2021.10.20 07:43:00 | [33m      main[0m:[33mWARNING   [0m [0m| hmmm[0m
2021.10.20 07:43:00 | [31m      main[0m:[31mERROR     [0m [0m| nicht[0m
2021.10.20 07:43:00 | [36m      main[0m:[36mNOTICE    [0m [0m| lalala[0m
2021.10.20 07:43:00 | [31m      main[0m:[31mCRITICAL  [0m [0m| hilfe alles läuft schief........[0m
2021.10.20 07:43:00 |       main[0m:NONE      [0m [0m| nulllllll[0m
2021.10.20 07:43:01 | [33m      main[0m:[33mWARNING   [0m [0m| hmmm[0m
2021.10.20 07:43:01 | [31m      main[0m:[31mERROR     [0m [0m| nicht[0m
2021.10.20 07:43:01 | [36m      main[0m:[36mNOTICE    [0m [0m| lalala[0m
2021.10.20 07:43:01 | [31m      main[0m:[31mCRITICAL  [0m [0m| hilfe alles läuft schief........[0m
2021.10.20 07:43:01 |       main[0m:NONE      [0m [0m| nulllllll[0m
2021.10.20 07:43:02 | [33m      main[0m:[33mWARNING   [0m [0m| hmmm[0m
2021.10.20 07:43:02 | [31m      main[0m:[31mERROR     [0m [0m| nicht[0m
2021.10.20 07:43:02 | [36m      main[0m:[36mNOTICE    [0m [0m| lalala[0m
2021.10.20 07:43:02 | [31m      main[0m:[31mCRITICAL  [0m [0m| hilfe alles läuft schief........[0m
2021.10.20 07:43:02 |       main[0m:NONE      [0m [0m| nulllllll[0m
2021.10.20 07:43:03 | [33m      main[0m:[33mWARNING   [0m [0m| hmmm[0m
2021.10.20 07:43:03 | [31m      main[0m:[31mERROR     [0m [0m| nicht[0m
2021.10.20 07:43:03 | [36m      main[0m:[36mNOTICE    [0m [0m| lalala[0m
2021.10.20 07:43:03 | [31m      main[0m:[31mCRITICAL  [0m [0m| hilfe alles läuft schief........[0m
2021.10.20 07:43:03 |       main[0m:NONE      [0m [0m| nulllllll[0m
2021.10.20 07:43:04 | [33m      main[0m:[33mWARNING   [0m [0m| hmmm[0m
2021.10.20 07:43:04 | [31m      main[0m:[31mERROR     [0m [0m| nicht[0m
2021.10.20 07:43:04 | [36m      main[0m:[36mNOTICE    [0m [0m| lalala[0m
2021.10.20 07:43:04 | [31m      main[0m:[31mCRITICAL  [0m [0m| hilfe alles läuft schief........[0m
2021.10.20 07:43:04 |       main[0m:NONE      [0m [0m| nulllllll[0m
2021.10.20 07:43:05 | [33m      main[0m:[33mWARNING   [0m [0m| hmmm[0m
2021.10.20 07:43:05 | [31m      main[0m:[31mERROR     [0m [0m| nicht[0m
2021.10.20 07:43:05 | [36m      main[0m:[36mNOTICE    [0m [0m| lalala[0m
2021.10.20 07:43:05 | [31m      main[0m:[31mCRITICAL  [0m [0m| hilfe alles läuft schief........[0m
2021.10.20 07:43:05 |       main[0m:NONE      [0m [0m| nulllllll[0m
2021.10.20 07:43:06 | [33m      main[0m:[33mWARNING   [0m [0m| hmmm[0m
2021.10.20 07:43:06 | [31m      main[0m:[31mERROR     [0m [0m| nicht[0m
2021.10.20 07:43:06 | [36m      main[0m:[36mNOTICE    [0m [0m| lalala[0m
2021.10.20 07:43:06 | [31m      main[0m:[31mCRITICAL  [0m [0m| hilfe alles läuft schief........[0m
2021.10.20 07:43:06 |       main[0m:NONE      [0m [0m| nulllllll[0m
2021.10.20 07:43:07 | [33m      main[0m:[33mWARNING   [0m [0m| hmmm[0m
2021.10.20 07:43:07 | [31m      main[0m:[31mERROR     [0m [0m| nicht[0m
2021.10.20 07:43:07 | [36m      main[0m:[36mNOTICE    [0m [0m| lalala[0m
2021.10.20 07:43:07 | [31m      main[0m:[31mCRITICAL  [0m [0m| hilfe alles läuft schief........[0m
2021.10.20 07:43:07 |       main[0m:NONE      [0m [0m| nulllllll[0m
2021.10.20 07:43:08 | [33m      main[0m:[33mWARNING   [0m [0m| hmmm[0m
2021.10.20 07:43:08 | [31m      main[0m:[31mERROR     [0m [0m| nicht[0m
2021.10.20 07:43:08 | [36m      main[0m:[36mNOTICE    [0m [0m| lalala[0m
2021.10.20 07:43:08 | [31m      main[0m:[31mCRITICAL  [0m [0m| hilfe alles läuft schief........[0m
2021.10.20 07:43:08 |       main[0m:NONE      [0m [0m| nulllllll[0m
2021.10.20 07:43:09 | [33m      main[0m:[33mWARNING   [0m [0m| hmmm[0m
2021.10.20 07:43:09 | [31m      main[0m:[31mERROR     [0m [0m| nicht[0m
2021.10.20 07:43:09 | [36m      main[0m:[36mNOTICE    [0m [0m| lalala[0m
2021.10.20 07:43:09 | [31m      main[0m:[31mCRITICAL  [0m [0m| hilfe alles läuft schief........[0m
2021.10.20 07:43:09 |       main[0m:NONE      [0m [0m| nulllllll[0m
2021.10.20 07:43:10 | [33m      main[0m:[33mWARNING   [0m [0m| hmmm[0m
2021.10.20 07:43:10 | [31m      main[0m:[31mERROR     [0m [0m| nicht[0m
2021.10.20 07:43:10 | [36m      main[0m:[36mNOTICE    [0m [0m| lalala[0m
2021.10.20 07:43:10 | [31m      main[0m:[31mCRITICAL  [0m [0m| hilfe alles läuft schief........[0m
2021.10.20 07:43:10 |       main[0m:NONE      [0m [0m| nulllllll[0m
2021.10.20 07:43:11 | [33m      main[0m:[33mWARNING   [0m [0m| hmmm[0m
2021.10.20 07:43:11 | [31m      main[0m:[31mERROR     [0m [0m| nicht[0m
2021.10.20 07:43:11 | [36m      main[0m:[36mNOTICE    [0m [0m| lalala[0m
2021.10.20 07:43:11 | [31m      main[0m:[31mCRITICAL  [0m [0m| hilfe alles läuft schief........[0m
2021.10.20 07:43:11 |       main[0m:NONE      [0m [0m| nulllllll[0m
2021.10.20 07:43:12 | [33m      main[0m:[33mWARNING   [0m [0m| hmmm[0m
2021.10.20 07:43:12 | [31m      main[0m:[31mERROR     [0m [0m| nicht[0m
2021.10.20 07:43:12 | [36m      main[0m:[36mNOTICE    [0m [0m| lalala[0m
2021.10.20 07:43:12 | [31m      main[0m:[31mCRITICAL  [0m [0m| hilfe alles läuft schief........[0m
2021.10.20 07:43:12 |       main[0m:NONE      [0m [0m| nulllllll[0m
2021.10.20 07:43:13 | [33m      main[0m:[33mWARNING   [0m [0m| hmmm[0m
2021.10.20 07:43:13 | [31m      main[0m:[31mERROR     [0m [0m| nicht[0m
2021.10.20 07:43:13 | [36m      main[0m:[36mNOTICE    [0m [0m| lalala[0m
2021.10.20 07:43:13 | [31m      main[0m:[31mCRITICAL  [0m [0m| hilfe alles läuft schief........[0m
2021.10.20 07:43:13 |       main[0m:NONE      [0m [0m| nulllllll[0m
2021.10.20 07:43:14 | [33m      main[0m:[33mWARNING   [0m [0m| hmmm[0m
2021.10.20 07:43:14 | [31m      main[0m:[31mERROR     [0m [0m| nicht[0m
2021.10.20 07:43:14 | [36m      main[0m:[36mNOTICE    [0m [0m| lalala[0m
2021.10.20 07:43:14 | [31m      main[0m:[31mCRITICAL  [0m [0m| hilfe alles läuft schief........[0m
2021.10.20 07:43:14 |       main[0m:NONE      [0m [0m| nulllllll[0m
2021.10.20 07:43:15 | [33m      main[0m:[33mWARNING   [0m [0m| hmmm[0m
2021.10.20 07:43:15 | [31m      main[0m:[31mERROR     [0m [0m| nicht[0m
2021.10.20 07:43:15 | [36m      main[0m:[36mNOTICE    [0m [0m| lalala[0m
2021.10.20 07:43:15 | [31m      main[0m:[31mCRITICAL  [0m [0m| hilfe alles läuft schief........[0m
2021.10.20 07:43:15 |       main[0m:NONE      [0m [0m| nulllllll[0m
2021.10.20 07:43:16 | [33m      main[0m:[33mWARNING   [0m [0m| hmmm[0m
2021.10.20 07:43:16 | [31m      main[0m:[31mERROR     [0m [0m| nicht[0m
2021.10.20 07:43:16 | [36m      main[0m:[36mNOTICE    [0m [0m| lalala[0m
2021.10.20 07:43:16 | [31m      main[0m:[31mCRITICAL  [0m [0m| hilfe alles läuft schief........[0m
2021.10.20 07:43:16 |       main[0m:NONE      [0m [0m| nulllllll[0m
2021.10.20 07:43:17 | [33m      main[0m:[33mWARNING   [0m [0m| hmmm[0m
2021.10.20 07:43:17 | [31m      main[0m:[31mERROR     [0m [0m| nicht[0m
2021.10.20 07:43:17 | [36m      main[0m:[36mNOTICE    [0m [0m| lalala[0m
2021.10.20 07:43:17 | [31m      main[0m:[31mCRITICAL  [0m [0m| hilfe alles läuft schief........[0m
2021.10.20 07:43:17 |       main[0m:NONE      [0m [0m| nulllllll[0m
2021.10.20 07:43:18 | [33m      main[0m:[33mWARNING   [0m [0m| hmmm[0m
2021.10.20 07:43:18 | [31m      main[0m:[31mERROR     [0m [0m| nicht[0m
2021.10.20 07:43:18 | [36m      main[0m:[36mNOTICE    [0m [0m| lalala[0m
2021.10.20 07:43:18 | [31m      main[0m:[31mCRITICAL  [0m [0m| hilfe alles läuft schief........[0m
2021.10.20 07:43:18 |       main[0m:NONE      [0m [0m| nulllllll[0m
2021.10.20 07:43:19 | [33m      main[0m:[33mWARNING   [0m [0m| hmmm[0m
2021.10.20 07:43:19 | [31m      main[0m:[31mERROR     [0m [0m| nicht[0m
2021.10.20 07:43:19 | [36m      main[0m:[36mNOTICE    [0m [0m| lalala[0m
2021.10.20 07:43:19 | [31m      main[0m:[31mCRITICAL  [0m [0m| hilfe alles läuft schief........[0m
2021.10.20 07:43:19 |       main[0m:NONE      [0m [0m| nulllllll[0m
2021.10.20 07:43:20 | [33m      main[0m:[33mWARNING   [0m [0m| hmmm[0m
2021.10.20 07:43:20 | [31m      main[0m:[31mERROR     [0m [0m| nicht[0m
2021.10.20 07:43:20 | [36m      main[0m:[36mNOTICE    [0m [0m| lalala[0m
2021.10.20 07:43:20 | [31m      main[0m:[31mCRITICAL  [0m [0m| hilfe alles läuft schief........[0m
2021.10.20 07:43:20 |       main[0m:NONE      [0m [0m| nulllllll[0m
2021.10.20 07:43:21 | [33m      main[0m:[33mWARNING   [0m [0m| hmmm[0m
2021.10.20 07:43:21 | [31m      main[0m:[31mERROR     [0m [0m| nicht[0m
2021.10.20 07:43:21 | [36m      main[0m:[36mNOTICE    [0m [0m| lalala[0m
2021.10.20 07:43:21 | [31m      main[0m:[31mCRITICAL  [0m [0m| hilfe alles läuft schief........[0m
2021.10.20 07:43:21 |       main[0m:NONE      [0m [0m| nulllllll[0m
2021.10.20 07:43:22 | [33m      main[0m:[33mWARNING   [0m [0m| hmmm[0m
2021.10.20 07:43:22 | [31m      main[0m:[31mERROR     [0m [0m| nicht[0m
2021.10.20 07:43:22 | [36m      main[0m:[36mNOTICE    [0m [0m| lalala[0m
2021.10.20 07:43:22 | [31m      main[0m:[31mCRITICAL  [0m [0m| hilfe alles läuft schief........[0m
2021.10.20 07:43:22 |       main[0m:NONE      [0m [0m| nulllllll[0m
2021.10.20 07:43:23 | [33m      main[0m:[33mWARNING   [0m [0m| hmmm[0m
2021.10.20 07:43:23 | [31m      main[0m:[31mERROR     [0m [0m| nicht[0m
2021.10.20 07:43:23 | [36m      main[0m:[36mNOTICE    [0m [0m| lalala[0m
2021.10.20 07:43:23 | [31m      main[0m:[31mCRITICAL  [0m [0m| hilfe alles läuft schief........[0m
2021.10.20 07:43:23 |       main[0m:NONE      [0m [0m| nulllllll[0m
2021.10.20 07:43:24 | [33m      main[0m:[33mWARNING   [0m [0m| hmmm[0m
2021.10.20 07:43:24 | [31m      main[0m:[31mERROR     [0m [0m| nicht[0m
2021.10.20 07:43:24 | [36m      main[0m:[36mNOTICE    [0m [0m| lalala[0m
2021.10.20 07:43:24 | [31m      main[0m:[31mCRITICAL  [0m [0m| hilfe alles läuft schief........[0m
2021.10.20 07:43:24 |       main[0m:NONE      [0m [0m| nulllllll[0m
2021.10.20 07:43:25 | [33m      main[0m:[33mWARNING   [0m [0m| hmmm[0m
2021.10.20 07:43:25 | [31m      main[0m:[31mERROR     [0m [0m| nicht[0m
2021.10.20 07:43:25 | [36m      main[0m:[36mNOTICE    [0m [0m| lalala[0m
2021.10.20 07:43:25 | [31m      main[0m:[31mCRITICAL  [0m [0m| hilfe alles läuft schief........[0m
2021.10.20 07:43:25 |       main[0m:NONE      [0m [0m| nulllllll[0m
2021.10.20 07:43:26 | [33m      main[0m:[33mWARNING   [0m [0m| hmmm[0m
2021.10.20 07:43:26 | [31m      main[0m:[31mERROR     [0m [0m| nicht[0m
2021.10.20 07:43:26 | [36m      main[0m:[36mNOTICE    [0m [0m| lalala[0m
2021.10.20 07:43:26 | [31m      main[0m:[31mCRITICAL  [0m [0m| hilfe alles läuft schief........[0m
2021.10.20 07:43:26 |       main[0m:NONE      [0m [0m| nulllllll[0m
2021.10.20 07:43:27 | [33m      main[0m:[33mWARNING   [0m [0m| hmmm[0m
2021.10.20 07:43:27 | [31m      main[0m:[31mERROR     [0m [0m| nicht[0m
2021.10.20 07:43:27 | [36m      main[0m:[36mNOTICE    [0m [0m| lalala[0m
2021.10.20 07:43:27 | [31m      main[0m:[31mCRITICAL  [0m [0m| hilfe alles läuft schief........[0m
2021.10.20 07:43:27 |       main[0m:NONE      [0m [0m| nulllllll[0m
2021.10.20 07:43:28 | [33m      main[0m:[33mWARNING   [0m [0m| hmmm[0m
2021.10.20 07:43:28 | [31m      main[0m:[31mERROR     [0m [0m| nicht[0m
2021.10.20 07:43:28 | [36m      main[0m:[36mNOTICE    [0m [0m| lalala[0m
2021.10.20 07:43:28 | [31m      main[0m:[31mCRITICAL  [0m [0m| hilfe alles läuft schief........[0m
2021.10.20 07:43:28 |       main[0m:NONE      [0m [0m| nulllllll[0m
2021.10.20 07:43:29 | [33m      main[0m:[33mWARNING   [0m [0m| hmmm[0m
2021.10.20 07:43:29 | [31m      main[0m:[31mERROR     [0m [0m| nicht[0m
2021.10.20 07:43:29 | [36m      main[0m:[36mNOTICE    [0m [0m| lalala[0m
2021.10.20 07:43:29 | [31m      main[0m:[31mCRITICAL  [0m [0m| hilfe alles läuft schief........[0m
2021.10.20 07:43:29 |       main[0m:NONE      [0m [0m| nulllllll[0m
2021.10.20 07:43:30 | [33m      main[0m:[33mWARNING   [0m [0m| hmmm[0m
2021.10.20 07:43:30 | [31m      main[0m:[31mERROR     [0m [0m| nicht[0m
2021.10.20 07:43:30 | [36m      main[0m:[36mNOTICE    [0m [0m| lalala[0m
2021.10.20 07:43:30 | [31m      main[0m:[31mCRITICAL  [0m [0m| hilfe alles läuft schief........[0m
2021.10.20 07:43:30 |       main[0m:NONE      [0m [0m| nulllllll[0m
2021.10.20 07:43:31 | [33m      main[0m:[33mWARNING   [0m [0m| hmmm[0m
2021.10.20 07:43:31 | [31m      main[0m:[31mERROR     [0m [0m| nicht[0m
2021.10.20 07:43:31 | [36m      main[0m:[36mNOTICE    [0m [0m| lalala[0m
2021.10.20 07:43:31 | [31m      main[0m:[31mCRITICAL  [0m [0m| hilfe alles läuft schief........[0m
2021.10.20 07:43:31 |       main[0m:NONE      [0m [0m| nulllllll[0m
2021.10.20 07:43:32 | [33m      main[0m:[33mWARNING   [0m [0m| hmmm[0m
2021.10.20 07:43:32 | [31m      main[0m:[31mERROR     [0m [0m| nicht[0m
2021.10.20 07:43:32 | [36m      main[0m:[36mNOTICE    [0m [0m| lalala[0m
2021.10.20 07:43:32 | [31m      main[0m:[31mCRITICAL  [0m [0m| hilfe alles läuft schief........[0m
2021.10.20 07:43:32 |       main[0m:NONE      [0m [0m| nulllllll[0m
2021.10.20 07:43:33 | [33m      main[0m:[33mWARNING   [0m [0m| hmmm[0m
2021.10.20 07:43:33 | [31m      main[0m:[31mERROR     [0m [0m| nicht[0m
2021.10.20 07:43:33 | [36m      main[0m:[36mNOTICE    [0m [0m| lalala[0m
2021.10.20 07:43:33 | [31m      main[0m:[31mCRITICAL  [0m [0m| hilfe alles läuft schief........[0m
2021.10.20 07:43:33 |       main[0m:NONE      [0m [0m| nulllllll[0m
2021.10.20 07:43:34 | [33m      main[0m:[33mWARNING   [0m [0m| hmmm[0m
2021.10.20 07:43:34 | [31m      main[0m:[31mERROR     [0m [0m| nicht[0m
2021.10.20 07:43:34 | [36m      main[0m:[36mNOTICE    [0m [0m| lalala[0m
2021.10.20 07:43:34 | [31m      main[0m:[31mCRITICAL  [0m [0m| hilfe alles läuft schief........[0m
2021.10.20 07:43:34 |       main[0m:NONE      [0m [0m| nulllllll[0m
2021.10.20 07:43:35 | [33m      main[0m:[33mWARNING   [0m [0m| hmmm[0m
2021.10.20 07:43:35 | [31m      main[0m:[31mERROR     [0m [0m| nicht[0m
2021.10.20 07:43:35 | [36m      main[0m:[36mNOTICE    [0m [0m| lalala[0m
2021.10.20 07:43:35 | [31m      main[0m:[31mCRITICAL  [0m [0m| hilfe alles läuft schief........[0m
2021.10.20 07:43:35 |       main[0m:NONE      [0m [0m| nulllllll[0m
2021.10.20 07:43:36 | [33m      main[0m:[33mWARNING   [0m [0m| hmmm[0m
2021.10.20 07:43:36 | [31m      main[0m:[31mERROR     [0m [0m| nicht[0m
2021.10.20 07:43:36 | [36m      main[0m:[36mNOTICE    [0m [0m| lalala[0m
2021.10.20 07:43:36 | [31m      main[0m:[31mCRITICAL  [0m [0m| hilfe alles läuft schief........[0m
2021.10.20 07:43:36 |       main[0m:NONE      [0m [0m| nulllllll[0m
2021.10.20 07:43:37 | [33m      main[0m:[33mWARNING   [0m [0m| hmmm[0m
2021.10.20 07:43:37 | [31m      main[0m:[31mERROR     [0m [0m| nicht[0m
2021.10.20 07:43:37 | [36m      main[0m:[36mNOTICE    [0m [0m| lalala[0m
2021.10.20 07:43:37 | [31m      main[0m:[31mCRITICAL  [0m [0m| hilfe alles läuft schief........[0m
2021.10.20 07:43:37 |       main[0m:NONE      [0m [0m| nulllllll[0m
2021.10.20 07:43:38 | [33m      main[0m:[33mWARNING   [0m [0m| hmmm[0m
2021.10.20 07:43:38 | [31m      main[0m:[31mERROR     [0m [0m| nicht[0m
2021.10.20 07:43:38 | [36m      main[0m:[36mNOTICE    [0m [0m| lalala[0m
2021.10.20 07:43:38 | [31m      main[0m:[31mCRITICAL  [0m [0m| hilfe alles läuft schief........[0m
2021.10.20 07:43:38 |       main[0m:NONE      [0m [0m| nulllllll[0m
2021.10.20 07:43:39 | [33m      main[0m:[33mWARNING   [0m [0m| hmmm[0m
2021.10.20 07:43:39 | [31m      main[0m:[31mERROR     [0m [0m| nicht[0m
2021.10.20 07:43:39 | [36m      main[0m:[36mNOTICE    [0m [0m| lalala[0m
2021.10.20 07:43:39 | [31m      main[0m:[31mCRITICAL  [0m [0m| hilfe alles läuft schief........[0m
2021.10.20 07:43:39 |       main[0m:NONE      [0m [0m| nulllllll[0m
2021.10.20 07:43:40 | [33m      main[0m:[33mWARNING   [0m [0m| hmmm[0m
2021.10.20 07:43:40 | [31m      main[0m:[31mERROR     [0m [0m| nicht[0m
2021.10.20 07:43:40 | [36m      main[0m:[36mNOTICE    [0m [0m| lalala[0m
2021.10.20 07:43:40 | [31m      main[0m:[31mCRITICAL  [0m [0m| hilfe alles läuft schief........[0m
2021.10.20 07:43:40 |       main[0m:NONE      [0m [0m| nulllllll[0m
2021.10.20 07:43:41 | [33m      main[0m:[33mWARNING   [0m [0m| hmmm[0m
2021.10.20 07:43:41 | [31m      main[0m:[31mERROR     [0m [0m| nicht[0m
2021.10.20 07:43:41 | [36m      main[0m:[36mNOTICE    [0m [0m| lalala[0m
2021.10.20 07:43:41 | [31m      main[0m:[31mCRITICAL  [0m [0m| hilfe alles läuft schief........[0m
2021.10.20 07:43:41 |       main[0m:NONE      [0m [0m| nulllllll[0m
2021.10.20 07:43:42 | [33m      main[0m:[33mWARNING   [0m [0m| hmmm[0m
2021.10.20 07:43:42 | [31m      main[0m:[31mERROR     [0m [0m| nicht[0m
2021.10.20 07:43:42 | [36m      main[0m:[36mNOTICE    [0m [0m| lalala[0m
2021.10.20 07:43:42 | [31m      main[0m:[31mCRITICAL  [0m [0m| hilfe alles läuft schief........[0m
2021.10.20 07:43:42 |       main[0m:NONE      [0m [0m| nulllllll[0m
2021.10.20 07:43:43 | [33m      main[0m:[33mWARNING   [0m [0m| hmmm[0m
2021.10.20 07:43:43 | [31m      main[0m:[31mERROR     [0m [0m| nicht[0m
2021.10.20 07:43:43 | [36m      main[0m:[36mNOTICE    [0m [0m| lalala[0m
2021.10.20 07:43:43 | [31m      main[0m:[31mCRITICAL  [0m [0m| hilfe alles läuft schief........[0m
2021.10.20 07:43:43 |       main[0m:NONE      [0m [0m| nulllllll[0m
2021.10.20 07:43:44 | [33m      main[0m:[33mWARNING   [0m [0m| hmmm[0m
2021.10.20 07:43:44 | [31m      main[0m:[31mERROR     [0m [0m| nicht[0m
2021.10.20 07:43:44 | [36m      main[0m:[36mNOTICE    [0m [0m| lalala[0m
2021.10.20 07:43:44 | [31m      main[0m:[31mCRITICAL  [0m [0m| hilfe alles läuft schief........[0m
2021.10.20 07:43:44 |       main[0m:NONE      [0m [0m| nulllllll[0m
2021.10.20 07:43:45 | [33m      main[0m:[33mWARNING   [0m [0m| hmmm[0m
2021.10.20 07:43:45 | [31m      main[0m:[31mERROR     [0m [0m| nicht[0m
2021.10.20 07:43:45 | [36m      main[0m:[36mNOTICE    [0m [0m| lalala[0m
2021.10.20 07:43:45 | [31m      main[0m:[31mCRITICAL  [0m [0m| hilfe alles läuft schief........[0m
2021.10.20 07:43:45 |       main[0m:NONE      [0m [0m| nulllllll[0m
2021.10.20 07:43:46 | [33m      main[0m:[33mWARNING   [0m [0m| hmmm[0m
2021.10.20 07:43:46 | [31m      main[0m:[31mERROR     [0m [0m| nicht[0m
2021.10.20 07:43:46 | [36m      main[0m:[36mNOTICE    [0m [0m| lalala[0m
2021.10.20 07:43:46 | [31m      main[0m:[31mCRITICAL  [0m [0m| hilfe alles läuft schief........[0m
2021.10.20 07:43:46 |       main[0m:NONE      [0m [0m| nulllllll[0m
2021.10.20 07:43:47 | [33m      main[0m:[33mWARNING   [0m [0m| hmmm[0m
2021.10.20 07:43:47 | [31m      main[0m:[31mERROR     [0m [0m| nicht[0m
2021.10.20 07:43:47 | [36m      main[0m:[36mNOTICE    [0m [0m| lalala[0m
2021.10.20 07:43:47 | [31m      main[0m:[31mCRITICAL  [0m [0m| hilfe alles läuft schief........[0m
2021.10.20 07:43:47 |       main[0m:NONE      [0m [0m| nulllllll[0m
2021.10.20 07:43:48 | [33m      main[0m:[33mWARNING   [0m [0m| hmmm[0m
2021.10.20 07:43:48 | [31m      main[0m:[31mERROR     [0m [0m| nicht[0m
2021.10.20 07:43:48 | [36m      main[0m:[36mNOTICE    [0m [0m| lalala[0m
2021.10.20 07:43:48 | [31m      main[0m:[31mCRITICAL  [0m [0m| hilfe alles läuft schief........[0m
2021.10.20 07:43:48 |       main[0m:NONE      [0m [0m| nulllllll[0m
2021.10.20 07:43:49 | [33m      main[0m:[33mWARNING   [0m [0m| hmmm[0m
2021.10.20 07:43:49 | [31m      main[0m:[31mERROR     [0m [0m| nicht[0m
2021.10.20 07:43:49 | [36m      main[0m:[36mNOTICE    [0m [0m| lalala[0m
2021.10.20 07:43:49 | [31m      main[0m:[31mCRITICAL  [0m [0m| hilfe alles läuft schief........[0m
2021.10.20 07:43:49 |       main[0m:NONE      [0m [0m| nulllllll[0m
2021.10.20 07:43:50 | [33m      main[0m:[33mWARNING   [0m [0m| hmmm[0m
2021.10.20 07:43:50 | [31m      main[0m:[31mERROR     [0m [0m| nicht[0m
2021.10.20 07:43:50 | [36m      main[0m:[36mNOTICE    [0m [0m| lalala[0m
2021.10.20 07:43:50 | [31m      main[0m:[31mCRITICAL  [0m [0m| hilfe alles läuft schief........[0m
2021.10.20 07:43:50 |       main[0m:NONE      [0m [0m| nulllllll[0m
2021.10.20 07:43:51 | [33m      main[0m:[33mWARNING   [0m [0m| hmmm[0m
2021.10.20 07:43:51 | [31m      main[0m:[31mERROR     [0m [0m| nicht[0m
2021.10.20 07:43:51 | [36m      main[0m:[36mNOTICE    [0m [0m| lalala[0m
2021.10.20 07:43:51 | [31m      main[0m:[31mCRITICAL  [0m [0m| hilfe alles läuft schief........[0m
2021.10.20 07:43:51 |       main[0m:NONE      [0m [0m| nulllllll[0m
2021.10.20 07:43:52 | [33m      main[0m:[33mWARNING   [0m [0m| hmmm[0m
2021.10.20 07:43:52 | [31m      main[0m:[31mERROR     [0m [0m| nicht[0m
2021.10.20 07:43:52 | [36m      main[0m:[36mNOTICE    [0m [0m| lalala[0m
2021.10.20 07:43:52 | [31m      main[0m:[31mCRITICAL  [0m [0m| hilfe alles läuft schief........[0m
2021.10.20 07:43:52 |       main[0m:NONE      [0m [0m| nulllllll[0m
2021.10.20 07:43:53 | [33m      main[0m:[33mWARNING   [0m [0m| hmmm[0m
2021.10.20 07:43:53 | [31m      main[0m:[31mERROR     [0m [0m| nicht[0m
2021.10.20 07:43:53 | [36m      main[0m:[36mNOTICE    [0m [0m| lalala[0m
2021.10.20 07:43:53 | [31m      main[0m:[31mCRITICAL  [0m [0m| hilfe alles läuft schief........[0m
2021.10.20 07:43:53 |       main[0m:NONE      [0m [0m| nulllllll[0m
2021.10.20 07:43:54 | [33m      main[0m:[33mWARNING   [0m [0m| hmmm[0m
2021.10.20 07:43:54 | [31m      main[0m:[31mERROR     [0m [0m| nicht[0m
2021.10.20 07:43:54 | [36m      main[0m:[36mNOTICE    [0m [0m| lalala[0m
2021.10.20 07:43:54 | [31m      main[0m:[31mCRITICAL  [0m [0m| hilfe alles läuft schief........[0m
2021.10.20 07:43:54 |       main[0m:NONE      [0m [0m| nulllllll[0m
2021.10.20 07:43:55 | [33m      main[0m:[33mWARNING   [0m [0m| hmmm[0m
2021.10.20 07:43:55 | [31m      main[0m:[31mERROR     [0m [0m| nicht[0m
2021.10.20 07:43:55 | [36m      main[0m:[36mNOTICE    [0m [0m| lalala[0m
2021.10.20 07:43:55 | [31m      main[0m:[31mCRITICAL  [0m [0m| hilfe alles läuft schief........[0m
2021.10.20 07:43:55 |       main[0m:NONE      [0m [0m| nulllllll[0m
2021.10.20 07:43:56 | [33m      main[0m:[33mWARNING   [0m [0m| hmmm[0m
2021.10.20 07:43:56 | [31m      main[0m:[31mERROR     [0m [0m| nicht[0m
2021.10.20 07:43:56 | [36m      main[0m:[36mNOTICE    [0m [0m| lalala[0m
2021.10.20 07:43:56 | [31m      main[0m:[31mCRITICAL  [0m [0m| hilfe alles läuft schief........[0m
2021.10.20 07:43:56 |       main[0m:NONE      [0m [0m| nulllllll[0m
2021.10.20 07:43:57 | [33m      main[0m:[33mWARNING   [0m [0m| hmmm[0m
2021.10.20 07:43:57 | [31m      main[0m:[31mERROR     [0m [0m| nicht[0m
2021.10.20 07:43:57 | [36m      main[0m:[36mNOTICE    [0m [0m| lalala[0m
2021.10.20 07:43:57 | [31m      main[0m:[31mCRITICAL  [0m [0m| hilfe alles läuft schief........[0m
2021.10.20 07:43:57 |       main[0m:NONE      [0m [0m| nulllllll[0m
2021.10.20 07:43:58 | [33m      main[0m:[33mWARNING   [0m [0m| hmmm[0m
2021.10.20 07:43:58 | [31m      main[0m:[31mERROR     [0m [0m| nicht[0m
2021.10.20 07:43:58 | [36m      main[0m:[36mNOTICE    [0m [0m| lalala[0m
2021.10.20 07:43:58 | [31m      main[0m:[31mCRITICAL  [0m [0m| hilfe alles läuft schief........[0m
2021.10.20 07:43:58 |       main[0m:NONE      [0m [0m| nulllllll[0m
2021.10.20 07:43:59 | [33m      main[0m:[33mWARNING   [0m [0m| hmmm[0m
2021.10.20 07:43:59 | [31m      main[0m:[31mERROR     [0m [0m| nicht[0m
2021.10.20 07:43:59 | [36m      main[0m:[36mNOTICE    [0m [0m| lalala[0m
2021.10.20 07:43:59 | [31m      main[0m:[31mCRITICAL  [0m [0m| hilfe alles läuft schief........[0m
2021.10.20 07:43:59 |       main[0m:NONE      [0m [0m| nulllllll[0m
2021.10.20 07:44:00 | [33m      main[0m:[33mWARNING   [0m [0m| hmmm[0m
2021.10.20 07:44:00 | [31m      main[0m:[31mERROR     [0m [0m| nicht[0m
2021.10.20 07:44:00 | [36m      main[0m:[36mNOTICE    [0m [0m| lalala[0m
2021.10.20 07:44:00 | [31m      main[0m:[31mCRITICAL  [0m [0m| hilfe alles läuft schief........[0m
2021.10.20 07:44:00 |       main[0m:NONE      [0m [0m| nulllllll[0m
2021.10.20 07:44:01 | [33m      main[0m:[33mWARNING   [0m [0m| hmmm[0m
2021.10.20 07:44:01 | [31m      main[0m:[31mERROR     [0m [0m| nicht[0m
2021.10.20 07:44:01 | [36m      main[0m:[36mNOTICE    [0m [0m| lalala[0m
2021.10.20 07:44:01 | [31m      main[0m:[31mCRITICAL  [0m [0m| hilfe alles läuft schief........[0m
2021.10.20 07:44:01 |       main[0m:NONE      [0m [0m| nulllllll[0m
2021.10.20 07:44:02 | [33m      main[0m:[33mWARNING   [0m [0m| hmmm[0m
2021.10.20 07:44:02 | [31m      main[0m:[31mERROR     [0m [0m| nicht[0m
2021.10.20 07:44:02 | [36m      main[0m:[36mNOTICE    [0m [0m| lalala[0m
2021.10.20 07:44:02 | [31m      main[0m:[31mCRITICAL  [0m [0m| hilfe alles läuft schief........[0m
2021.10.20 07:44:02 |       main[0m:NONE      [0m [0m| nulllllll[0m
2021.10.20 07:44:03 | [33m      main[0m:[33mWARNING   [0m [0m| hmmm[0m
2021.10.20 07:44:03 | [31m      main[0m:[31mERROR     [0m [0m| nicht[0m
2021.10.20 07:44:03 | [36m      main[0m:[36mNOTICE    [0m [0m| lalala[0m
2021.10.20 07:44:03 | [31m      main[0m:[31mCRITICAL  [0m [0m| hilfe alles läuft schief........[0m
2021.10.20 07:44:03 |       main[0m:NONE      [0m [0m| nulllllll[0m
2021.10.20 07:44:04 | [33m      main[0m:[33mWARNING   [0m [0m| hmmm[0m
2021.10.20 07:44:04 | [31m      main[0m:[31mERROR     [0m [0m| nicht[0m
2021.10.20 07:44:04 | [36m      main[0m:[36mNOTICE    [0m [0m| lalala[0m
2021.10.20 07:44:04 | [31m      main[0m:[31mCRITICAL  [0m [0m| hilfe alles läuft schief........[0m
2021.10.20 07:44:04 |       main[0m:NONE      [0m [0m| nulllllll[0m
2021.10.20 07:44:05 | [33m      main[0m:[33mWARNING   [0m [0m| hmmm[0m
2021.10.20 07:44:05 | [31m      main[0m:[31mERROR     [0m [0m| nicht[0m
2021.10.20 07:44:05 | [36m      main[0m:[36mNOTICE    [0m [0m| lalala[0m
2021.10.20 07:44:05 | [31m      main[0m:[31mCRITICAL  [0m [0m| hilfe alles läuft schief........[0m
2021.10.20 07:44:05 |       main[0m:NONE      [0m [0m| nulllllll[0m
2021.10.20 07:44:06 | [33m      main[0m:[33mWARNING   [0m [0m| hmmm[0m
2021.10.20 07:44:06 | [31m      main[0m:[31mERROR     [0m [0m| nicht[0m
2021.10.20 07:44:06 | [36m      main[0m:[36mNOTICE    [0m [0m| lalala[0m
2021.10.20 07:44:06 | [31m      main[0m:[31mCRITICAL  [0m [0m| hilfe alles läuft schief........[0m
2021.10.20 07:44:06 |       main[0m:NONE      [0m [0m| nulllllll[0m
2021.10.20 07:44:07 | [33m      main[0m:[33mWARNING   [0m [0m| hmmm[0m
2021.10.20 07:44:07 | [31m      main[0m:[31mERROR     [0m [0m| nicht[0m
2021.10.20 07:44:07 | [36m      main[0m:[36mNOTICE    [0m [0m| lalala[0m
2021.10.20 07:44:07 | [31m      main[0m:[31mCRITICAL  [0m [0m| hilfe alles läuft schief........[0m
2021.10.20 07:44:07 |       main[0m:NONE      [0m [0m| nulllllll[0m
2021.10.20 07:44:08 | [33m      main[0m:[33mWARNING   [0m [0m| hmmm[0m
2021.10.20 07:44:08 | [31m      main[0m:[31mERROR     [0m [0m| nicht[0m
2021.10.20 07:44:08 | [36m      main[0m:[36mNOTICE    [0m [0m| lalala[0m
2021.10.20 07:44:08 | [31m      main[0m:[31mCRITICAL  [0m [0m| hilfe alles läuft schief........[0m
2021.10.20 07:44:08 |       main[0m:NONE      [0m [0m| nulllllll[0m
2021.10.20 07:44:09 | [33m      main[0m:[33mWARNING   [0m [0m| hmmm[0m
2021.10.20 07:44:09 | [31m      main[0m:[31mERROR     [0m [0m| nicht[0m
2021.10.20 07:44:09 | [36m      main[0m:[36mNOTICE    [0m [0m| lalala[0m
2021.10.20 07:44:09 | [31m      main[0m:[31mCRITICAL  [0m [0m| hilfe alles läuft schief........[0m
2021.10.20 07:44:09 |       main[0m:NONE      [0m [0m| nulllllll[0m
2021.10.20 07:44:10 | [33m      main[0m:[33mWARNING   [0m [0m| hmmm[0m
2021.10.20 07:44:10 | [31m      main[0m:[31mERROR     [0m [0m| nicht[0m
2021.10.20 07:44:10 | [36m      main[0m:[36mNOTICE    [0m [0m| lalala[0m
2021.10.20 07:44:10 | [31m      main[0m:[31mCRITICAL  [0m [0m| hilfe alles läuft schief........[0m
2021.10.20 07:44:10 |       main[0m:NONE      [0m [0m| nulllllll[0m
2021.10.20 07:44:11 | [33m      main[0m:[33mWARNING   [0m [0m| hmmm[0m
2021.10.20 07:44:11 | [31m      main[0m:[31mERROR     [0m [0m| nicht[0m
2021.10.20 07:44:11 | [36m      main[0m:[36mNOTICE    [0m [0m| lalala[0m
2021.10.20 07:44:11 | [31m      main[0m:[31mCRITICAL  [0m [0m| hilfe alles läuft schief........[0m
2021.10.20 07:44:11 |       main[0m:NONE      [0m [0m| nulllllll[0m
2021.10.20 07:44:12 | [33m      main[0m:[33mWARNING   [0m [0m| hmmm[0m
2021.10.20 07:44:12 | [31m      main[0m:[31mERROR     [0m [0m| nicht[0m
2021.10.20 07:44:12 | [36m      main[0m:[36mNOTICE    [0m [0m| lalala[0m
2021.10.20 07:44:12 | [31m      main[0m:[31mCRITICAL  [0m [0m| hilfe alles läuft schief........[0m
2021.10.20 07:44:12 |       main[0m:NONE      [0m [0m| nulllllll[0m
2021.10.20 07:44:13 | [33m      main[0m:[33mWARNING   [0m [0m| hmmm[0m
2021.10.20 07:44:13 | [31m      main[0m:[31mERROR     [0m [0m| nicht[0m
2021.10.20 07:44:13 | [36m      main[0m:[36mNOTICE    [0m [0m| lalala[0m
2021.10.20 07:44:13 | [31m      main[0m:[31mCRITICAL  [0m [0m| hilfe alles läuft schief........[0m
2021.10.20 07:44:13 |       main[0m:NONE      [0m [0m| nulllllll[0m
2021.10.20 07:44:14 | [33m      main[0m:[33mWARNING   [0m [0m| hmmm[0m
2021.10.20 07:44:14 | [31m      main[0m:[31mERROR     [0m [0m| nicht[0m
2021.10.20 07:44:14 | [36m      main[0m:[36mNOTICE    [0m [0m| lalala[0m
2021.10.20 07:44:14 | [31m      main[0m:[31mCRITICAL  [0m [0m| hilfe alles läuft schief........[0m
2021.10.20 07:44:14 |       main[0m:NONE      [0m [0m| nulllllll[0m
2021.10.20 07:44:15 | [33m      main[0m:[33mWARNING   [0m [0m| hmmm[0m
2021.10.20 07:44:15 | [31m      main[0m:[31mERROR     [0m [0m| nicht[0m
2021.10.20 07:44:15 | [36m      main[0m:[36mNOTICE    [0m [0m| lalala[0m
2021.10.20 07:44:15 | [31m      main[0m:[31mCRITICAL  [0m [0m| hilfe alles läuft schief........[0m
2021.10.20 07:44:15 |       main[0m:NONE      [0m [0m| nulllllll[0m
2021.10.20 07:44:16 | [33m      main[0m:[33mWARNING   [0m [0m| hmmm[0m
2021.10.20 07:44:16 | [31m      main[0m:[31mERROR     [0m [0m| nicht[0m
2021.10.20 07:44:16 | [36m      main[0m:[36mNOTICE    [0m [0m| lalala[0m
2021.10.20 07:44:16 | [31m      main[0m:[31mCRITICAL  [0m [0m| hilfe alles läuft schief........[0m
2021.10.20 07:44:16 |       main[0m:NONE      [0m [0m| nulllllll[0m
2021.10.20 07:44:17 | [33m      main[0m:[33mWARNING   [0m [0m| hmmm[0m
2021.10.20 07:44:17 | [31m      main[0m:[31mERROR     [0m [0m| nicht[0m
2021.10.20 07:44:17 | [36m      main[0m:[36mNOTICE    [0m [0m| lalala[0m
2021.10.20 07:44:17 | [31m      main[0m:[31mCRITICAL  [0m [0m| hilfe alles läuft schief........[0m
2021.10.20 07:44:17 |       main[0m:NONE      [0m [0m| nulllllll[0m
2021.10.20 07:44:18 | [33m      main[0m:[33mWARNING   [0m [0m| hmmm[0m
2021.10.20 07:44:18 | [31m      main[0m:[31mERROR     [0m [0m| nicht[0m
2021.10.20 07:44:18 | [36m      main[0m:[36mNOTICE    [0m [0m| lalala[0m
2021.10.20 07:44:18 | [31m      main[0m:[31mCRITICAL  [0m [0m| hilfe alles läuft schief........[0m
2021.10.20 07:44:18 |       main[0m:NONE      [0m [0m| nulllllll[0m
2021.10.20 07:44:19 | [33m      main[0m:[33mWARNING   [0m [0m| hmmm[0m
2021.10.20 07:44:19 | [31m      main[0m:[31mERROR     [0m [0m| nicht[0m
2021.10.20 07:44:19 | [36m      main[0m:[36mNOTICE    [0m [0m| lalala[0m
2021.10.20 07:44:19 | [31m      main[0m:[31mCRITICAL  [0m [0m| hilfe alles läuft schief........[0m
2021.10.20 07:44:19 |       main[0m:NONE      [0m [0m| nulllllll[0m
2021.10.20 07:44:20 | [33m      main[0m:[33mWARNING   [0m [0m| hmmm[0m
2021.10.20 07:44:20 | [31m      main[0m:[31mERROR     [0m [0m| nicht[0m
2021.10.20 07:44:20 | [36m      main[0m:[36mNOTICE    [0m [0m| lalala[0m
2021.10.20 07:44:20 | [31m      main[0m:[31mCRITICAL  [0m [0m| hilfe alles läuft schief........[0m
2021.10.20 07:44:20 |       main[0m:NONE      [0m [0m| nulllllll[0m
2021.10.20 07:44:21 | [33m      main[0m:[33mWARNING   [0m [0m| hmmm[0m
2021.10.20 07:44:21 | [31m      main[0m:[31mERROR     [0m [0m| nicht[0m
2021.10.20 07:44:21 | [36m      main[0m:[36mNOTICE    [0m [0m| lalala[0m
2021.10.20 07:44:21 | [31m      main[0m:[31mCRITICAL  [0m [0m| hilfe alles läuft schief........[0m
2021.10.20 07:44:21 |       main[0m:NONE      [0m [0m| nulllllll[0m
2021.10.20 07:44:22 | [33m      main[0m:[33mWARNING   [0m [0m| hmmm[0m
2021.10.20 07:44:22 | [31m      main[0m:[31mERROR     [0m [0m| nicht[0m
2021.10.20 07:44:22 | [36m      main[0m:[36mNOTICE    [0m [0m| lalala[0m
2021.10.20 07:44:22 | [31m      main[0m:[31mCRITICAL  [0m [0m| hilfe alles läuft schief........[0m
2021.10.20 07:44:22 |       main[0m:NONE      [0m [0m| nulllllll[0m
2021.10.20 07:44:23 | [33m      main[0m:[33mWARNING   [0m [0m| hmmm[0m
2021.10.20 07:44:23 | [31m      main[0m:[31mERROR     [0m [0m| nicht[0m
2021.10.20 07:44:23 | [36m      main[0m:[36mNOTICE    [0m [0m| lalala[0m
2021.10.20 07:44:23 | [31m      main[0m:[31mCRITICAL  [0m [0m| hilfe alles läuft schief........[0m
2021.10.20 07:44:23 |       main[0m:NONE      [0m [0m| nulllllll[0m
2021.10.20 07:44:24 | [33m      main[0m:[33mWARNING   [0m [0m| hmmm[0m
2021.10.20 07:44:24 | [31m      main[0m:[31mERROR     [0m [0m| nicht[0m
2021.10.20 07:44:24 | [36m      main[0m:[36mNOTICE    [0m [0m| lalala[0m
2021.10.20 07:44:24 | [31m      main[0m:[31mCRITICAL  [0m [0m| hilfe alles läuft schief........[0m
2021.10.20 07:44:24 |       main[0m:NONE      [0m [0m| nulllllll[0m
2021.10.20 07:44:25 | [33m      main[0m:[33mWARNING   [0m [0m| hmmm[0m
2021.10.20 07:44:25 | [31m      main[0m:[31mERROR     [0m [0m| nicht[0m
2021.10.20 07:44:25 | [36m      main[0m:[36mNOTICE    [0m [0m| lalala[0m
2021.10.20 07:44:25 | [31m      main[0m:[31mCRITICAL  [0m [0m| hilfe alles läuft schief........[0m
2021.10.20 07:44:25 |       main[0m:NONE      [0m [0m| nulllllll[0m
2021.10.20 07:44:26 | [33m      main[0m:[33mWARNING   [0m [0m| hmmm[0m
2021.10.20 07:44:26 | [31m      main[0m:[31mERROR     [0m [0m| nicht[0m
2021.10.20 07:44:26 | [36m      main[0m:[36mNOTICE    [0m [0m| lalala[0m
2021.10.20 07:44:26 | [31m      main[0m:[31mCRITICAL  [0m [0m| hilfe alles läuft schief........[0m
2021.10.20 07:44:26 |       main[0m:NONE      [0m [0m| nulllllll[0m
2021.10.20 07:44:27 | [33m      main[0m:[33mWARNING   [0m [0m| hmmm[0m
2021.10.20 07:44:27 | [31m      main[0m:[31mERROR     [0m [0m| nicht[0m
2021.10.20 07:44:27 | [36m      main[0m:[36mNOTICE    [0m [0m| lalala[0m
2021.10.20 07:44:27 | [31m      main[0m:[31mCRITICAL  [0m [0m| hilfe alles läuft schief........[0m
2021.10.20 07:44:27 |       main[0m:NONE      [0m [0m| nulllllll[0m
2021.10.20 07:44:28 | [33m      main[0m:[33mWARNING   [0m [0m| hmmm[0m
2021.10.20 07:44:28 | [31m      main[0m:[31mERROR     [0m [0m| nicht[0m
2021.10.20 07:44:28 | [36m      main[0m:[36mNOTICE    [0m [0m| lalala[0m
2021.10.20 07:44:28 | [31m      main[0m:[31mCRITICAL  [0m [0m| hilfe alles läuft schief........[0m
2021.10.20 07:44:28 |       main[0m:NONE      [0m [0m| nulllllll[0m
2021.10.20 07:44:29 | [33m      main[0m:[33mWARNING   [0m [0m| hmmm[0m
2021.10.20 07:44:29 | [31m      main[0m:[31mERROR     [0m [0m| nicht[0m
2021.10.20 07:44:29 | [36m      main[0m:[36mNOTICE    [0m [0m| lalala[0m
2021.10.20 07:44:29 | [31m      main[0m:[31mCRITICAL  [0m [0m| hilfe alles läuft schief........[0m
2021.10.20 07:44:29 |       main[0m:NONE      [0m [0m| nulllllll[0m
2021.10.20 07:44:30 | [33m      main[0m:[33mWARNING   [0m [0m| hmmm[0m
2021.10.20 07:44:30 | [31m      main[0m:[31mERROR     [0m [0m| nicht[0m
2021.10.20 07:44:30 | [36m      main[0m:[36mNOTICE    [0m [0m| lalala[0m
2021.10.20 07:44:30 | [31m      main[0m:[31mCRITICAL  [0m [0m| hilfe alles läuft schief........[0m
2021.10.20 07:44:30 |       main[0m:NONE      [0m [0m| nulllllll[0m
2021.10.20 07:44:31 | [33m      main[0m:[33mWARNING   [0m [0m| hmmm[0m
2021.10.20 07:44:31 | [31m      main[0m:[31mERROR     [0m [0m| nicht[0m
2021.10.20 07:44:31 | [36m      main[0m:[36mNOTICE    [0m [0m| lalala[0m
2021.10.20 07:44:31 | [31m      main[0m:[31mCRITICAL  [0m [0m| hilfe alles läuft schief........[0m
2021.10.20 07:44:31 |       main[0m:NONE      [0m [0m| nulllllll[0m
2021.10.20 07:44:32 | [33m      main[0m:[33mWARNING   [0m [0m| hmmm[0m
2021.10.20 07:44:32 | [31m      main[0m:[31mERROR     [0m [0m| nicht[0m
2021.10.20 07:44:32 | [36m      main[0m:[36mNOTICE    [0m [0m| lalala[0m
2021.10.20 07:44:32 | [31m      main[0m:[31mCRITICAL  [0m [0m| hilfe alles läuft schief........[0m
2021.10.20 07:44:32 |       main[0m:NONE      [0m [0m| nulllllll[0m
2021.10.20 07:44:33 | [33m      main[0m:[33mWARNING   [0m [0m| hmmm[0m
2021.10.20 07:44:33 | [31m      main[0m:[31mERROR     [0m [0m| nicht[0m
2021.10.20 07:44:33 | [36m      main[0m:[36mNOTICE    [0m [0m| lalala[0m
2021.10.20 07:44:33 | [31m      main[0m:[31mCRITICAL  [0m [0m| hilfe alles läuft schief........[0m
2021.10.20 07:44:33 |       main[0m:NONE      [0m [0m| nulllllll[0m
2021.10.20 07:44:34 | [33m      main[0m:[33mWARNING   [0m [0m| hmmm[0m
2021.10.20 07:44:34 | [31m      main[0m:[31mERROR     [0m [0m| nicht[0m
2021.10.20 07:44:34 | [36m      main[0m:[36mNOTICE    [0m [0m| lalala[0m
2021.10.20 07:44:34 | [31m      main[0m:[31mCRITICAL  [0m [0m| hilfe alles läuft schief........[0m
2021.10.20 07:44:34 |       main[0m:NONE      [0m [0m| nulllllll[0m
2021.10.20 07:44:35 | [33m      main[0m:[33mWARNING   [0m [0m| hmmm[0m
2021.10.20 07:44:35 | [31m      main[0m:[31mERROR     [0m [0m| nicht[0m
2021.10.20 07:44:35 | [36m      main[0m:[36mNOTICE    [0m [0m| lalala[0m
2021.10.20 07:44:35 | [31m      main[0m:[31mCRITICAL  [0m [0m| hilfe alles läuft schief........[0m
2021.10.20 07:44:35 |       main[0m:NONE      [0m [0m| nulllllll[0m
2021.10.20 07:44:36 | [33m      main[0m:[33mWARNING   [0m [0m| hmmm[0m
2021.10.20 07:44:36 | [31m      main[0m:[31mERROR     [0m [0m| nicht[0m
2021.10.20 07:44:36 | [36m      main[0m:[36mNOTICE    [0m [0m| lalala[0m
2021.10.20 07:44:36 | [31m      main[0m:[31mCRITICAL  [0m [0m| hilfe alles läuft schief........[0m
2021.10.20 07:44:36 |       main[0m:NONE      [0m [0m| nulllllll[0m
2021.10.20 07:44:37 | [33m      main[0m:[33mWARNING   [0m [0m| hmmm[0m
2021.10.20 07:44:37 | [31m      main[0m:[31mERROR     [0m [0m| nicht[0m
2021.10.20 07:44:37 | [36m      main[0m:[36mNOTICE    [0m [0m| lalala[0m
2021.10.20 07:44:37 | [31m      main[0m:[31mCRITICAL  [0m [0m| hilfe alles läuft schief........[0m
2021.10.20 07:44:37 |       main[0m:NONE      [0m [0m| nulllllll[0m
2021.10.20 07:44:38 | [33m      main[0m:[33mWARNING   [0m [0m| hmmm[0m
2021.10.20 07:44:38 | [31m      main[0m:[31mERROR     [0m [0m| nicht[0m
2021.10.20 07:44:38 | [36m      main[0m:[36mNOTICE    [0m [0m| lalala[0m
2021.10.20 07:44:38 | [31m      main[0m:[31mCRITICAL  [0m [0m| hilfe alles läuft schief........[0m
2021.10.20 07:44:38 |       main[0m:NONE      [0m [0m| nulllllll[0m
2021.10.20 07:44:39 | [33m      main[0m:[33mWARNING   [0m [0m| hmmm[0m
2021.10.20 07:44:39 | [31m      main[0m:[31mERROR     [0m [0m| nicht[0m
2021.10.20 07:44:39 | [36m      main[0m:[36mNOTICE    [0m [0m| lalala[0m
2021.10.20 07:44:39 | [31m      main[0m:[31mCRITICAL  [0m [0m| hilfe alles läuft schief........[0m
2021.10.20 07:44:39 |       main[0m:NONE      [0m [0m| nulllllll[0m
2021.10.20 07:44:40 | [33m      main[0m:[33mWARNING   [0m [0m| hmmm[0m
2021.10.20 07:44:40 | [31m      main[0m:[31mERROR     [0m [0m| nicht[0m
2021.10.20 07:44:40 | [36m      main[0m:[36mNOTICE    [0m [0m| lalala[0m
2021.10.20 07:44:40 | [31m      main[0m:[31mCRITICAL  [0m [0m| hilfe alles läuft schief........[0m
2021.10.20 07:44:40 |       main[0m:NONE      [0m [0m| nulllllll[0m
2021.10.20 07:44:41 | [33m      main[0m:[33mWARNING   [0m [0m| hmmm[0m
2021.10.20 07:44:41 | [31m      main[0m:[31mERROR     [0m [0m| nicht[0m
2021.10.20 07:44:41 | [36m      main[0m:[36mNOTICE    [0m [0m| lalala[0m
2021.10.20 07:44:41 | [31m      main[0m:[31mCRITICAL  [0m [0m| hilfe alles läuft schief........[0m
2021.10.20 07:44:41 |       main[0m:NONE      [0m [0m| nulllllll[0m
2021.10.20 07:44:42 | [33m      main[0m:[33mWARNING   [0m [0m| hmmm[0m
2021.10.20 07:44:42 | [31m      main[0m:[31mERROR     [0m [0m| nicht[0m
2021.10.20 07:44:42 | [36m      main[0m:[36mNOTICE    [0m [0m| lalala[0m
2021.10.20 07:44:42 | [31m      main[0m:[31mCRITICAL  [0m [0m| hilfe alles läuft schief........[0m
2021.10.20 07:44:42 |       main[0m:NONE      [0m [0m| nulllllll[0m
2021.10.20 07:44:43 | [33m      main[0m:[33mWARNING   [0m [0m| hmmm[0m
2021.10.20 07:44:43 | [31m      main[0m:[31mERROR     [0m [0m| nicht[0m
2021.10.20 07:44:43 | [36m      main[0m:[36mNOTICE    [0m [0m| lalala[0m
2021.10.20 07:44:43 | [31m      main[0m:[31mCRITICAL  [0m [0m| hilfe alles läuft schief........[0m
2021.10.20 07:44:43 |       main[0m:NONE      [0m [0m| nulllllll[0m
2021.10.20 07:44:44 | [33m      main[0m:[33mWARNING   [0m [0m| hmmm[0m
2021.10.20 07:44:44 | [31m      main[0m:[31mERROR     [0m [0m| nicht[0m
2021.10.20 07:44:44 | [36m      main[0m:[36mNOTICE    [0m [0m| lalala[0m
2021.10.20 07:44:44 | [31m      main[0m:[31mCRITICAL  [0m [0m| hilfe alles läuft schief........[0m
2021.10.20 07:44:44 |       main[0m:NONE      [0m [0m| nulllllll[0m
2021.10.20 07:44:45 | [33m      main[0m:[33mWARNING   [0m [0m| hmmm[0m
2021.10.20 07:44:45 | [31m      main[0m:[31mERROR     [0m [0m| nicht[0m
2021.10.20 07:44:45 | [36m      main[0m:[36mNOTICE    [0m [0m| lalala[0m
2021.10.20 07:44:45 | [31m      main[0m:[31mCRITICAL  [0m [0m| hilfe alles läuft schief........[0m
2021.10.20 07:44:45 |       main[0m:NONE      [0m [0m| nulllllll[0m
2021.10.20 07:44:46 | [33m      main[0m:[33mWARNING   [0m [0m| hmmm[0m
2021.10.20 07:44:46 | [31m      main[0m:[31mERROR     [0m [0m| nicht[0m
2021.10.20 07:44:46 | [36m      main[0m:[36mNOTICE    [0m [0m| lalala[0m
2021.10.20 07:44:46 | [31m      main[0m:[31mCRITICAL  [0m [0m| hilfe alles läuft schief........[0m
2021.10.20 07:44:46 |       main[0m:NONE      [0m [0m| nulllllll[0m
2021.10.20 07:44:47 | [33m      main[0m:[33mWARNING   [0m [0m| hmmm[0m
2021.10.20 07:44:47 | [31m      main[0m:[31mERROR     [0m [0m| nicht[0m
2021.10.20 07:44:47 | [36m      main[0m:[36mNOTICE    [0m [0m| lalala[0m
2021.10.20 07:44:47 | [31m      main[0m:[31mCRITICAL  [0m [0m| hilfe alles läuft schief........[0m
2021.10.20 07:44:47 |       main[0m:NONE      [0m [0m| nulllllll[0m
2021.10.20 07:44:48 | [33m      main[0m:[33mWARNING   [0m [0m| hmmm[0m
2021.10.20 07:44:48 | [31m      main[0m:[31mERROR     [0m [0m| nicht[0m
2021.10.20 07:44:48 | [36m      main[0m:[36mNOTICE    [0m [0m| lalala[0m
2021.10.20 07:44:48 | [31m      main[0m:[31mCRITICAL  [0m [0m| hilfe alles läuft schief........[0m
2021.10.20 07:44:48 |       main[0m:NONE      [0m [0m| nulllllll[0m
2021.10.20 07:44:49 | [33m      main[0m:[33mWARNING   [0m [0m| hmmm[0m
2021.10.20 07:44:49 | [31m      main[0m:[31mERROR     [0m [0m| nicht[0m
2021.10.20 07:44:49 | [36m      main[0m:[36mNOTICE    [0m [0m| lalala[0m
2021.10.20 07:44:49 | [31m      main[0m:[31mCRITICAL  [0m [0m| hilfe alles läuft schief........[0m
2021.10.20 07:44:49 |       main[0m:NONE      [0m [0m| nulllllll[0m
2021.10.20 07:44:50 | [33m      main[0m:[33mWARNING   [0m [0m| hmmm[0m
2021.10.20 07:44:50 | [31m      main[0m:[31mERROR     [0m [0m| nicht[0m
2021.10.20 07:44:50 | [36m      main[0m:[36mNOTICE    [0m [0m| lalala[0m
2021.10.20 07:44:50 | [31m      main[0m:[31mCRITICAL  [0m [0m| hilfe alles läuft schief........[0m
2021.10.20 07:44:50 |       main[0m:NONE      [0m [0m| nulllllll[0m
2021.10.20 07:44:51 | [33m      main[0m:[33mWARNING   [0m [0m| hmmm[0m
2021.10.20 07:44:51 | [31m      main[0m:[31mERROR     [0m [0m| nicht[0m
2021.10.20 07:44:51 | [36m      main[0m:[36mNOTICE    [0m [0m| lalala[0m
2021.10.20 07:44:51 | [31m      main[0m:[31mCRITICAL  [0m [0m| hilfe alles läuft schief........[0m
2021.10.20 07:44:51 |       main[0m:NONE      [0m [0m| nulllllll[0m
2021.10.20 07:44:52 | [33m      main[0m:[33mWARNING   [0m [0m| hmmm[0m
2021.10.20 07:44:52 | [31m      main[0m:[31mERROR     [0m [0m| nicht[0m
2021.10.20 07:44:52 | [36m      main[0m:[36mNOTICE    [0m [0m| lalala[0m
2021.10.20 07:44:52 | [31m      main[0m:[31mCRITICAL  [0m [0m| hilfe alles läuft schief........[0m
2021.10.20 07:44:52 |       main[0m:NONE      [0m [0m| nulllllll[0m
2021.10.20 07:44:53 | [33m      main[0m:[33mWARNING   [0m [0m| hmmm[0m
2021.10.20 07:44:53 | [31m      main[0m:[31mERROR     [0m [0m| nicht[0m
2021.10.20 07:44:53 | [36m      main[0m:[36mNOTICE    [0m [0m| lalala[0m
2021.10.20 07:44:53 | [31m      main[0m:[31mCRITICAL  [0m [0m| hilfe alles läuft schief........[0m
2021.10.20 07:44:53 |       main[0m:NONE      [0m [0m| nulllllll[0m
2021.10.20 07:44:54 | [33m      main[0m:[33mWARNING   [0m [0m| hmmm[0m
2021.10.20 07:44:54 | [31m      main[0m:[31mERROR     [0m [0m| nicht[0m
2021.10.20 07:44:54 | [36m      main[0m:[36mNOTICE    [0m [0m| lalala[0m
2021.10.20 07:44:54 | [31m      main[0m:[31mCRITICAL  [0m [0m| hilfe alles läuft schief........[0m
2021.10.20 07:44:54 |       main[0m:NONE      [0m [0m| nulllllll[0m
2021.10.20 07:44:55 | [33m      main[0m:[33mWARNING   [0m [0m| hmmm[0m
2021.10.20 07:44:55 | [31m      main[0m:[31mERROR     [0m [0m| nicht[0m
2021.10.20 07:44:55 | [36m      main[0m:[36mNOTICE    [0m [0m| lalala[0m
2021.10.20 07:44:55 | [31m      main[0m:[31mCRITICAL  [0m [0m| hilfe alles läuft schief........[0m
2021.10.20 07:44:55 |       main[0m:NONE      [0m [0m| nulllllll[0m
2021.10.20 07:44:56 | [33m      main[0m:[33mWARNING   [0m [0m| hmmm[0m
2021.10.20 07:44:56 | [31m      main[0m:[31mERROR     [0m [0m| nicht[0m
2021.10.20 07:44:56 | [36m      main[0m:[36mNOTICE    [0m [0m| lalala[0m
2021.10.20 07:44:56 | [31m      main[0m:[31mCRITICAL  [0m [0m| hilfe alles läuft schief........[0m
2021.10.20 07:44:56 |       main[0m:NONE      [0m [0m| nulllllll[0m
2021.10.20 07:44:57 | [33m      main[0m:[33mWARNING   [0m [0m| hmmm[0m
2021.10.20 07:44:57 | [31m      main[0m:[31mERROR     [0m [0m| nicht[0m
2021.10.20 07:44:57 | [36m      main[0m:[36mNOTICE    [0m [0m| lalala[0m
2021.10.20 07:44:57 | [31m      main[0m:[31mCRITICAL  [0m [0m| hilfe alles läuft schief........[0m
2021.10.20 07:44:57 |       main[0m:NONE      [0m [0m| nulllllll[0m
2021.10.20 07:44:58 | [33m      main[0m:[33mWARNING   [0m [0m| hmmm[0m
2021.10.20 07:44:58 | [31m      main[0m:[31mERROR     [0m [0m| nicht[0m
2021.10.20 07:44:58 | [36m      main[0m:[36mNOTICE    [0m [0m| lalala[0m
2021.10.20 07:44:58 | [31m      main[0m:[31mCRITICAL  [0m [0m| hilfe alles läuft schief........[0m
2021.10.20 07:44:58 |       main[0m:NONE      [0m [0m| nulllllll[0m
2021.10.20 07:44:59 | [33m      main[0m:[33mWARNING   [0m [0m| hmmm[0m
2021.10.20 07:44:59 | [31m      main[0m:[31mERROR     [0m [0m| nicht[0m
2021.10.20 07:44:59 | [36m      main[0m:[36mNOTICE    [0m [0m| lalala[0m
2021.10.20 07:44:59 | [31m      main[0m:[31mCRITICAL  [0m [0m| hilfe alles läuft schief........[0m
2021.10.20 07:44:59 |       main[0m:NONE      [0m [0m| nulllllll[0m
2021.10.20 07:45:00 | [33m      main[0m:[33mWARNING   [0m [0m| hmmm[0m
2021.10.20 07:45:00 | [31m      main[0m:[31mERROR     [0m [0m| nicht[0m
2021.10.20 07:45:00 | [36m      main[0m:[36mNOTICE    [0m [0m| lalala[0m
2021.10.20 07:45:00 | [31m      main[0m:[31mCRITICAL  [0m [0m| hilfe alles läuft schief........[0m
2021.10.20 07:45:00 |       main[0m:NONE      [0m [0m| nulllllll[0m
2021.10.20 07:45:01 | [33m      main[0m:[33mWARNING   [0m [0m| hmmm[0m
2021.10.20 07:45:01 | [31m      main[0m:[31mERROR     [0m [0m| nicht[0m
2021.10.20 07:45:01 | [36m      main[0m:[36mNOTICE    [0m [0m| lalala[0m
2021.10.20 07:45:01 | [31m      main[0m:[31mCRITICAL  [0m [0m| hilfe alles läuft schief........[0m
2021.10.20 07:45:01 |       main[0m:NONE      [0m [0m| nulllllll[0m
2021.10.20 07:45:02 | [33m      main[0m:[33mWARNING   [0m [0m| hmmm[0m
2021.10.20 07:45:02 | [31m      main[0m:[31mERROR     [0m [0m| nicht[0m
2021.10.20 07:45:02 | [36m      main[0m:[36mNOTICE    [0m [0m| lalala[0m
2021.10.20 07:45:02 | [31m      main[0m:[31mCRITICAL  [0m [0m| hilfe alles läuft schief........[0m
2021.10.20 07:45:02 |       main[0m:NONE      [0m [0m| nulllllll[0m
2021.10.20 07:45:03 | [33m      main[0m:[33mWARNING   [0m [0m| hmmm[0m
2021.10.20 07:45:03 | [31m      main[0m:[31mERROR     [0m [0m| nicht[0m
2021.10.20 07:45:03 | [36m      main[0m:[36mNOTICE    [0m [0m| lalala[0m
2021.10.20 07:45:03 | [31m      main[0m:[31mCRITICAL  [0m [0m| hilfe alles läuft schief........[0m
2021.10.20 07:45:03 |       main[0m:NONE      [0m [0m| nulllllll[0m
2021.10.20 07:45:04 | [33m      main[0m:[33mWARNING   [0m [0m| hmmm[0m
2021.10.20 07:45:04 | [31m      main[0m:[31mERROR     [0m [0m| nicht[0m
2021.10.20 07:45:04 | [36m      main[0m:[36mNOTICE    [0m [0m| lalala[0m
2021.10.20 07:45:04 | [31m      main[0m:[31mCRITICAL  [0m [0m| hilfe alles läuft schief........[0m
2021.10.20 07:45:04 |       main[0m:NONE      [0m [0m| nulllllll[0m
2021.10.20 07:45:05 | [33m      main[0m:[33mWARNING   [0m [0m| hmmm[0m
2021.10.20 07:45:05 | [31m      main[0m:[31mERROR     [0m [0m| nicht[0m
2021.10.20 07:45:05 | [36m      main[0m:[36mNOTICE    [0m [0m| lalala[0m
2021.10.20 07:45:05 | [31m      main[0m:[31mCRITICAL  [0m [0m| hilfe alles läuft schief........[0m
2021.10.20 07:45:05 |       main[0m:NONE      [0m [0m| nulllllll[0m
2021.10.20 07:45:06 | [33m      main[0m:[33mWARNING   [0m [0m| hmmm[0m
2021.10.20 07:45:06 | [31m      main[0m:[31mERROR     [0m [0m| nicht[0m
2021.10.20 07:45:06 | [36m      main[0m:[36mNOTICE    [0m [0m| lalala[0m
2021.10.20 07:45:06 | [31m      main[0m:[31mCRITICAL  [0m [0m| hilfe alles läuft schief........[0m
2021.10.20 07:45:06 |       main[0m:NONE      [0m [0m| nulllllll[0m
2021.10.20 07:45:07 | [33m      main[0m:[33mWARNING   [0m [0m| hmmm[0m
2021.10.20 07:45:07 | [31m      main[0m:[31mERROR     [0m [0m| nicht[0m
2021.10.20 07:45:07 | [36m      main[0m:[36mNOTICE    [0m [0m| lalala[0m
2021.10.20 07:45:07 | [31m      main[0m:[31mCRITICAL  [0m [0m| hilfe alles läuft schief........[0m
2021.10.20 07:45:07 |       main[0m:NONE      [0m [0m| nulllllll[0m
2021.10.20 07:45:08 | [33m      main[0m:[33mWARNING   [0m [0m| hmmm[0m
2021.10.20 07:45:08 | [31m      main[0m:[31mERROR     [0m [0m| nicht[0m
2021.10.20 07:45:08 | [36m      main[0m:[36mNOTICE    [0m [0m| lalala[0m
2021.10.20 07:45:08 | [31m      main[0m:[31mCRITICAL  [0m [0m| hilfe alles läuft schief........[0m
2021.10.20 07:45:08 |       main[0m:NONE      [0m [0m| nulllllll[0m
2021.10.20 07:45:09 | [33m      main[0m:[33mWARNING   [0m [0m| hmmm[0m
2021.10.20 07:45:09 | [31m      main[0m:[31mERROR     [0m [0m| nicht[0m
2021.10.20 07:45:09 | [36m      main[0m:[36mNOTICE    [0m [0m| lalala[0m
2021.10.20 07:45:09 | [31m      main[0m:[31mCRITICAL  [0m [0m| hilfe alles läuft schief........[0m
2021.10.20 07:45:09 |       main[0m:NONE      [0m [0m| nulllllll[0m
2021.10.20 07:45:10 | [33m      main[0m:[33mWARNING   [0m [0m| hmmm[0m
2021.10.20 07:45:10 | [31m      main[0m:[31mERROR     [0m [0m| nicht[0m
2021.10.20 07:45:10 | [36m      main[0m:[36mNOTICE    [0m [0m| lalala[0m
2021.10.20 07:45:10 | [31m      main[0m:[31mCRITICAL  [0m [0m| hilfe alles läuft schief........[0m
2021.10.20 07:45:10 |       main[0m:NONE      [0m [0m| nulllllll[0m
2021.10.20 07:45:11 | [33m      main[0m:[33mWARNING   [0m [0m| hmmm[0m
2021.10.20 07:45:11 | [31m      main[0m:[31mERROR     [0m [0m| nicht[0m
2021.10.20 07:45:11 | [36m      main[0m:[36mNOTICE    [0m [0m| lalala[0m
2021.10.20 07:45:11 | [31m      main[0m:[31mCRITICAL  [0m [0m| hilfe alles läuft schief........[0m
2021.10.20 07:45:11 |       main[0m:NONE      [0m [0m| nulllllll[0m
2021.10.20 07:45:12 | [33m      main[0m:[33mWARNING   [0m [0m| hmmm[0m
2021.10.20 07:45:12 | [31m      main[0m:[31mERROR     [0m [0m| nicht[0m
2021.10.20 07:45:12 | [36m      main[0m:[36mNOTICE    [0m [0m| lalala[0m
2021.10.20 07:45:12 | [31m      main[0m:[31mCRITICAL  [0m [0m| hilfe alles läuft schief........[0m
2021.10.20 07:45:12 |       main[0m:NONE      [0m [0m| nulllllll[0m
2021.10.20 07:45:13 | [33m      main[0m:[33mWARNING   [0m [0m| hmmm[0m
2021.10.20 07:45:13 | [31m      main[0m:[31mERROR     [0m [0m| nicht[0m
2021.10.20 07:45:13 | [36m      main[0m:[36mNOTICE    [0m [0m| lalala[0m
2021.10.20 07:45:13 | [31m      main[0m:[31mCRITICAL  [0m [0m| hilfe alles läuft schief........[0m
2021.10.20 07:45:13 |       main[0m:NONE      [0m [0m| nulllllll[0m
2021.10.20 07:45:14 | [33m      main[0m:[33mWARNING   [0m [0m| hmmm[0m
2021.10.20 07:45:14 | [31m      main[0m:[31mERROR     [0m [0m| nicht[0m
2021.10.20 07:45:14 | [36m      main[0m:[36mNOTICE    [0m [0m| lalala[0m
2021.10.20 07:45:14 | [31m      main[0m:[31mCRITICAL  [0m [0m| hilfe alles läuft schief........[0m
2021.10.20 07:45:14 |       main[0m:NONE      [0m [0m| nulllllll[0m
2021.10.20 07:45:15 | [33m      main[0m:[33mWARNING   [0m [0m| hmmm[0m
2021.10.20 07:45:15 | [31m      main[0m:[31mERROR     [0m [0m| nicht[0m
2021.10.20 07:45:15 | [36m      main[0m:[36mNOTICE    [0m [0m| lalala[0m
2021.10.20 07:45:15 | [31m      main[0m:[31mCRITICAL  [0m [0m| hilfe alles läuft schief........[0m
2021.10.20 07:45:15 |       main[0m:NONE      [0m [0m| nulllllll[0m
